타깃 30종 · 팔=noconstraint · 예측폴더=/home/admuser/projects/bk21-antibody-ml/consensus_docking/runs_sites_guided_honest


================================================================================================
  타깃별 신호 — 변화량 오름차순
================================================================================================
      타깃       신뢰도      자세일치       자리수       후보수       무제약        변화        원인
 8sit_HL     0.804     0.842         1         4     0.808    -0.782      선택실패
 9ml9_HL    0.8883    0.9096         1         1     0.692    -0.668      생성실패
 8kep_HL    0.7669    0.7825         1         1     0.667    -0.295      제약방해
 9azt_HL    0.5884    0.7025         1         7     0.216    -0.195      선택실패
 8t4a_PR    0.4673    0.1334         4         7      0.19     -0.18      선택실패
 9azv_HL    0.5543     0.702         1         5     0.207    -0.163      선택실패
 8siq_HL    0.6186    0.1665         3         7     0.159    -0.132      선택실패
 8t4d_OQ    0.4084    0.1163         5         7     0.138    -0.099      선택실패
 8u44_ST     0.596    0.7356         1         3     0.248    -0.051      제약방해
 8ulr_HL    0.9072      0.88         1         3     0.844    -0.051      제약방해
 9azr_HL    0.6234    0.7357         1         3     0.216     -0.05      제약방해
  8q7s_O    0.9224    0.8782         1         2     0.886    -0.044      제약방해
  8q7s_C    0.9166     0.885         1         2     0.915    -0.037      제약방해
 8k5g_HL    0.6912    0.8352         1         1     0.829    -0.018       무변화
 8k5h_HL    0.8129    0.8947         1         2     0.842    -0.013       무변화
 9bdg_FI     0.487    0.2878         3         3     0.036    -0.013      생성실패
 9kkj_HL    0.7454    0.3275         3         1     0.062    -0.012      생성실패
 9w43_AB    0.7392    0.3866         2         2     0.121    -0.006      생성실패
 9mqr_DE     0.648    0.3559         2         3     0.009    -0.002      선택실패
 9y0a_AB    0.7218    0.2919         2         1     0.062     0.002      생성실패
  8k3k_D    0.6397    0.7391         1         2     0.009     0.004      선택실패
 8xsi_HL    0.5139    0.4484         3         3     0.026     0.004      생성실패
  8k46_I    0.6424    0.8121         1         2     0.009     0.006      생성실패
 9yc6_HL    0.6309    0.6681         1         1     0.027     0.044        이득
 8ume_HL    0.4777    0.2833         3         4     0.027     0.082        이득
 8tp5_HL    0.4165    0.4087         3         3     0.072     0.145        이득
 9b7g_QP    0.5608    0.6854         2         2     0.498     0.183        이득
 8sis_HL    0.5922    0.3964         3         3     0.034     0.281        이득
 9zdu_HL    0.8356    0.7678         1         1     0.577     0.286        이득
  8q7s_H    0.6679    0.8962         1         3     0.014     0.313        이득

----------------------------------------------------------------------------------------------
  A. 크게 망가질 것인가 — 개입 여부를 정할 수 있나
----------------------------------------------------------------------------------------------
  양성 8종 · 음성 22종   (변화 < -0.09)
  ⚠️ 기저율 73% — 다수쪽만 찍어도 이만큼 맞는다. 정확도는 이보다 훨씬 커야 뜻이 있다
  신호                           판별력          95% 구간        p   방향          문턱(정확도)
  모델 신뢰도                     0.602    [0.51, 0.86]   0.4291   작을수록 위험     0.4165 미만 (77%)
  자세끼리 같은 자리를 가리키나           0.568    [0.51, 0.86]   0.5909   작을수록 위험     0.2833 미만 (83%)
  자세가 몇 군데로 흩어지나             0.528    [0.50, 0.81]   0.8140   클수록 위험      4 이상 (80%)
  만들어진 후보 개수                 0.776    [0.53, 1.00]   0.0190   클수록 위험      4 이상 (90%)

----------------------------------------------------------------------------------------------
  B. 무제약이 완전히 실패인가 — 개입해도 안전한 구간을 정답 없이 고를 수 있나
----------------------------------------------------------------------------------------------
  양성 13종 · 음성 17종   (무제약 DockQ < 0.13)
  ⚠️ 기저율 57% — 다수쪽만 찍어도 이만큼 맞는다. 정확도는 이보다 훨씬 커야 뜻이 있다
  신호                           판별력          95% 구간        p   방향          문턱(정확도)
  모델 신뢰도                     0.643    [0.51, 0.83]   0.1990   작을수록 위험     0.7669 미만 (70%)
  자세끼리 같은 자리를 가리키나           0.710    [0.52, 0.90]   0.0546   작을수록 위험     0.6854 미만 (80%)
  자세가 몇 군데로 흩어지나             0.695    [0.52, 0.87]   0.0412   클수록 위험      2 이상 (73%)
  만들어진 후보 개수                 0.581    [0.50, 0.78]   0.4427   작을수록 위험     4 미만 (60%)

----------------------------------------------------------------------------------------------
  B'. 무제약이 합격선을 못 넘는가 (참고)
----------------------------------------------------------------------------------------------
  양성 19종 · 음성 11종   (무제약 DockQ < 0.23)
  ⚠️ 기저율 63% — 다수쪽만 찍어도 이만큼 맞는다. 정확도는 이보다 훨씬 커야 뜻이 있다
  신호                           판별력          95% 구간        p   방향          문턱(정확도)
  모델 신뢰도                     0.880    [0.72, 1.00]   0.0008   작을수록 위험     0.7669 미만 (90%)
  자세끼리 같은 자리를 가리키나           0.904    [0.77, 1.00]   0.0002   작을수록 위험     0.7678 미만 (87%)
  자세가 몇 군데로 흩어지나             0.792    [0.66, 0.91]   0.0034   클수록 위험      2 이상 (73%)
  만들어진 후보 개수                 0.730    [0.54, 0.89]   0.0336   클수록 위험      3 이상 (70%)

  ※ 판별력 0.5 = 동전던지기 · 1.0 = 완전히 갈림. 방향과 무관한 크기로 적었다
  ※ 95% 구간이 0.5 를 품으면 그 신호는 우연과 구별되지 않는다
  ※ 문턱과 정확도는 같은 자료에서 고른 값이라 낙관적이다. 새 세트로 확인해야 한다

→ results/gate_signals.csv  (30종)
