타깃 23종 · 팔=noconstraint · 예측폴더=/home/admuser/projects/bk21-antibody-ml/consensus_docking/runs_sites_guided_honest


================================================================================================
  타깃별 신호 — 변화량 오름차순
================================================================================================
      타깃       신뢰도      자세일치       자리수       후보수       무제약        변화        원인
 8sit_HL     0.804     0.842         1         4     0.808    -0.782      선택실패
 9azt_HL    0.5884    0.7025         1         7     0.216    -0.195      선택실패
 8t4a_PR    0.4673    0.1334         4         7      0.19     -0.18      선택실패
 9azv_HL    0.5543     0.702         1         5     0.207    -0.163      선택실패
 8siq_HL    0.6186    0.1665         3         7     0.159    -0.132      선택실패
 8t4d_OQ    0.4084    0.1163         5         7     0.138    -0.099      선택실패
 8u44_ST     0.596    0.7356         1         3     0.248    -0.051      제약방해
 8ulr_HL    0.9072      0.88         1         3     0.844    -0.051      제약방해
 9azr_HL    0.6234    0.7357         1         3     0.216     -0.05      제약방해
  8q7s_O    0.9224    0.8782         1         2     0.886    -0.044      제약방해
  8q7s_C    0.9166     0.885         1         2     0.915    -0.037      제약방해
 8k5h_HL    0.8129    0.8947         1         2     0.842    -0.013       무변화
 9bdg_FI     0.487    0.2878         3         3     0.036    -0.013      생성실패
 9w43_AB    0.7392    0.3866         2         2     0.121    -0.006      생성실패
 9mqr_DE     0.648    0.3559         2         3     0.009    -0.002      선택실패
  8k3k_D    0.6397    0.7391         1         2     0.009     0.004      선택실패
 8xsi_HL    0.5139    0.4484         3         3     0.026     0.004      생성실패
  8k46_I    0.6424    0.8121         1         2     0.009     0.006      생성실패
 8ume_HL    0.4777    0.2833         3         4     0.027     0.082        이득
 8tp5_HL    0.4165    0.4087         3         3     0.072     0.145        이득
 9b7g_QP    0.5608    0.6854         2         2     0.498     0.183        이득
 8sis_HL    0.5922    0.3964         3         3     0.034     0.281        이득
  8q7s_H    0.6679    0.8962         1         3     0.014     0.313        이득

------------------------------------------------------------------------------------
  A. 크게 망가질 것인가 — 개입 여부를 정할 수 있나
------------------------------------------------------------------------------------
  양성 6종 · 음성 17종      (변화 < -0.09)
  신호                              판별력              가장 잘 가르는 문턱
  모델 신뢰도                        0.294   iptm 0.4165 미만  정확도 78%  (방향 반대)
  자세끼리 같은 자리를 가리키나              0.275   agree 0.2833 미만  정확도 87%  (방향 반대)
  자세가 몇 군데로 흩어지나                0.608      nsite 4 이상  정확도 83%
  만들어진 후보 개수                    0.995     n_cand 4 이상  정확도 96%

------------------------------------------------------------------------------------
  B. 무제약이 실패인가 — 새 복합체를 미리 고를 수 있나
------------------------------------------------------------------------------------
  양성 16종 · 음성 7종      (무제약 DockQ < 0.23)
  신호                              판별력              가장 잘 가르는 문턱
  모델 신뢰도                        0.143   iptm 0.804 미만  정확도 91%  (방향 반대)
  자세끼리 같은 자리를 가리키나              0.134   agree 0.842 미만  정확도 87%  (방향 반대)
  자세가 몇 군데로 흩어지나                0.777      nsite 1 이상  정확도 70%
  만들어진 후보 개수                    0.737     n_cand 3 이상  정확도 74%

  ※ 판별력 0.5 = 동전던지기 · 0.7 이상이면 쓸 만함 · 1.0 = 완전히 갈림
  ※ 문턱과 정확도는 같은 자료에서 고른 값이라 낙관적이다. 새 세트로 확인해야 한다.

→ results/gate_signals.csv  (23종)
