선택 기록 23종 · DockQ 칸 113개

  ! 8k5g_HL: 무제약/우리자리 행이 없어 건너뜀
  ! 8kep_HL: 무제약/우리자리 행이 없어 건너뜀
  ! 9kkj_HL: 무제약/우리자리 행이 없어 건너뜀
  ! 9ml9_HL: 무제약/우리자리 행이 없어 건너뜀
  ! 9y0a_AB: 무제약/우리자리 행이 없어 건너뜀
  ! 9yc6_HL: 무제약/우리자리 행이 없어 건너뜀
  ! 9zdu_HL: 무제약/우리자리 행이 없어 건너뜀

======================================================================================================================
  타깃별 판정 — 변화량 오름차순 (덮음·정밀도는 **고른 후보**의 값이다)
======================================================================================================================
      타깃        구간        원인       무제약        우리        변화        덮음       정밀도      후보잔기      정답잔기      최선덮음       후보수     무제약자리      우리자리
 8sit_HL      이미성공      선택실패     0.808     0.026    -0.782     0.035     0.037        27        29     0.759         4     0.926     0.235
 9azt_HL        애매      선택실패     0.216     0.021    -0.195     0.042     0.022        45        24     0.625         7      0.75       0.0
 8t4a_PR        애매      선택실패      0.19      0.01     -0.18     0.812     0.186        70        16       1.0         7      0.48       0.0
 9azv_HL        애매      선택실패     0.207     0.044    -0.163     0.042     0.024        42        24     0.917         5      0.76      0.08
 8siq_HL        애매      선택실패     0.159     0.027    -0.132      0.37     0.286        35        27     0.741         7       0.5     0.219
 8t4d_OQ        애매      선택실패     0.138     0.039    -0.099      0.72     0.305        59        25      0.88         7     0.682     0.276
 8u44_ST      이미성공      제약방해     0.248     0.197    -0.051     0.548     0.531        32        31     0.548         3     0.955     0.941
 8ulr_HL      이미성공      제약방해     0.844     0.793    -0.051       0.9     0.675        40        30       0.9         3       0.9     0.882
 9azr_HL        애매      제약방해     0.216     0.166     -0.05      0.75     0.692        26        24      0.75         3     0.667     0.656
  8q7s_O      이미성공      제약방해     0.886     0.842    -0.044      0.75     0.409        44        24     0.833         2     0.958     0.958
  8q7s_C      이미성공      제약방해     0.915     0.878    -0.037       0.8     0.769        26        25       0.8         2     0.962      0.96
 8k5h_HL      이미성공       무변화     0.842     0.829    -0.013       0.8     0.324        37        15       0.8         2     0.867     0.867
 9bdg_FI      매우낮음      생성실패     0.036     0.023    -0.013     0.138     0.143        28        29     0.276         3     0.238     0.111
 9w43_AB      매우낮음      생성실패     0.121     0.115    -0.006     0.045     0.062        16        22     0.227         2     0.579     0.783
 9mqr_DE      매우낮음      선택실패     0.009     0.007    -0.002       0.0       0.0        23        28     0.893         3     0.217       0.0
  8k3k_D      매우낮음      선택실패     0.009     0.013     0.004     0.038     0.045        22        26     0.615         2     0.033     0.125
 8xsi_HL      매우낮음      생성실패     0.026      0.03     0.004       0.0       0.0        26        18     0.333         3       0.0       0.0
  8k46_I      매우낮음      생성실패     0.009     0.015     0.006      0.08     0.061        33        25      0.08         2     0.032     0.038
 8ume_HL      매우낮음        이득     0.027     0.109     0.082     0.727     0.696        23        22     0.727         4     0.393     0.615
 8tp5_HL      매우낮음        이득     0.072     0.217     0.145     0.852     0.697        33        27     0.852         3     0.708     0.769
 9b7g_QP      이미성공        이득     0.498     0.681     0.183     0.923       0.8        30        26     0.923         2     0.826     0.846
 8sis_HL      매우낮음        이득     0.034     0.315     0.281     0.852     0.548        42        27     0.852         3     0.154     0.741
  8q7s_H      매우낮음        이득     0.014     0.327     0.313     0.577     0.469        32        26     0.577         3      0.15     0.867

------------------------------------------------------------
  원인별 종수
------------------------------------------------------------
  이득      5종   8ume_HL, 8tp5_HL, 9b7g_QP, 8sis_HL, 8q7s_H
  무변화     1종   8k5h_HL
  제약방해    5종   8u44_ST, 8ulr_HL, 9azr_HL, 8q7s_O, 8q7s_C
  선택실패    8종   8sit_HL, 9azt_HL, 8t4a_PR, 9azv_HL, 8siq_HL, 8t4d_OQ, 9mqr_DE, 8k3k_D
  생성실패    4종   9bdg_FI, 9w43_AB, 8xsi_HL, 8k46_I

------------------------------------------------------------------------------
  무제약 DockQ 구간 × 방향  (변화 > +0.02 = 오름, < -0.02 = 내림)
------------------------------------------------------------------------------
  구간           종수    오름    내림     무변화       중앙 변화량
  매우낮음         10     4     0       6        0.006
  애매            6     0     6       0       -0.132
  이미성공          7     1     5       1       -0.044

------------------------------------------------------------------------------
  ⭐ 고른 후보의 덮음 × DockQ 변화  — 이 표가 (iii) 가설의 핵심이다
------------------------------------------------------------------------------
  덮음 구간            종수    오름    내림       중앙 변화량       중앙 정밀도
  낮음 <0.3           9     0     3       -0.006        0.037
  중간 0.3~0.7        3     1     2       -0.051        0.469
  높음 ≥0.7          11     4     6       -0.037        0.675

→ results/harm_diag.csv  (23종)
