타깃 23종 (후보 2개 이상)

  8k3k_D     후보  2개 · 성공후보비율 0.50 · AbEpiScore 픽 실패
  8k46_I     후보  2개 · 성공후보비율 0.00 · AbEpiScore 픽 실패
  8k5h_HL    후보  2개 · 성공후보비율 1.00 · AbEpiScore 픽 성공
  8q7s_C     후보  2개 · 성공후보비율 1.00 · AbEpiScore 픽 성공
  8q7s_H     후보  3개 · 성공후보비율 0.33 · AbEpiScore 픽 성공
  8q7s_O     후보  2개 · 성공후보비율 1.00 · AbEpiScore 픽 성공
  8siq_HL    후보  7개 · 성공후보비율 0.57 · AbEpiScore 픽 실패
  8sis_HL    후보  3개 · 성공후보비율 0.67 · AbEpiScore 픽 성공
  8sit_HL    후보  4개 · 성공후보비율 0.50 · AbEpiScore 픽 실패
  8t4a_PR    후보  7개 · 성공후보비율 1.00 · AbEpiScore 픽 성공
  8t4d_OQ    후보  7개 · 성공후보비율 1.00 · AbEpiScore 픽 성공
  8tp5_HL    후보  3개 · 성공후보비율 0.67 · AbEpiScore 픽 성공
  8u44_ST    후보  3개 · 성공후보비율 0.33 · AbEpiScore 픽 성공
  8ulr_HL    후보  3개 · 성공후보비율 1.00 · AbEpiScore 픽 성공
  8ume_HL    후보  4개 · 성공후보비율 0.50 · AbEpiScore 픽 성공
  8xsi_HL    후보  3개 · 성공후보비율 0.00 · AbEpiScore 픽 실패
  9azr_HL    후보  3개 · 성공후보비율 0.67 · AbEpiScore 픽 성공
  9azt_HL    후보  7개 · 성공후보비율 0.43 · AbEpiScore 픽 실패
  9azv_HL    후보  5개 · 성공후보비율 0.60 · AbEpiScore 픽 실패
  9b7g_QP    후보  2개 · 성공후보비율 1.00 · AbEpiScore 픽 성공
  9bdg_FI    후보  3개 · 성공후보비율 0.00 · AbEpiScore 픽 실패
  9mqr_DE    후보  3개 · 성공후보비율 0.67 · AbEpiScore 픽 실패
  9w43_AB    후보  2개 · 성공후보비율 0.00 · AbEpiScore 픽 실패

AbEpiScore-max 가 식별한 타깃: 13/23
무작위로 골랐을 때 기대되는 성공 수: 13.4/23
순열검정(무작위 픽 10000회 반복, 단측) p = 0.7094
→ results/identify_stat.csv
