  8k3k_D     n=4   자리차이 -0.12  정답도달차이 +0.00
  8k46_I     n=4   자리차이 +0.16  정답도달차이 +0.13
  8k5g_HL    n=4   자리차이 +0.55  정답도달차이 +0.00
  8k5h_HL    n=4   자리차이 +0.62  정답도달차이 +0.00
  8kep_HL    n=4   자리차이 +0.24  정답도달차이 +0.00
  8q7s_C     n=4   자리차이 +0.00  정답도달차이 +0.00
  8q7s_H     n=4   자리차이 +0.00  정답도달차이 +0.00
  8q7s_O     n=4   자리차이 +0.06  정답도달차이 +0.00
  8siq_HL    n=4   자리차이 +0.49  정답도달차이 +0.14
  8sis_HL    n=4   자리차이 +1.17  정답도달차이 +0.00
  8sit_HL    n=4   자리차이 +0.60  정답도달차이 +0.13
  8t4a_PR    n=4   자리차이 +0.66  정답도달차이 +0.00
  8t4d_OQ    n=4   자리차이 +1.31  정답도달차이 +0.00
  8tp5_HL    n=4   자리차이 +0.51  정답도달차이 +0.06
  8u44_ST    n=4   자리차이 -0.29  정답도달차이 -0.10
  8ulr_HL    n=4   자리차이 +1.02  정답도달차이 +0.00
  8ume_HL    n=4   자리차이 +0.48  정답도달차이 -0.03
  8xsi_HL    n=4   자리차이 +0.58  정답도달차이 +0.00
  9azr_HL    n=4   자리차이 -0.20  정답도달차이 -0.02
  9azt_HL    n=4   자리차이 +0.66  정답도달차이 +0.05
  9azv_HL    n=4   자리차이 +0.14  정답도달차이 +0.17
  9b7g_QP    n=4   자리차이 +0.01  정답도달차이 +0.00
  9bdg_FI    n=4   자리차이 +0.51  정답도달차이 +0.28
  9kkj_HL    n=4   자리차이 +0.24  정답도달차이 +0.14
  9ml9_HL    n=4   자리차이 +0.62  정답도달차이 +0.24
  9mqr_DE    n=4   자리차이 +0.10  정답도달차이 +0.00
  9w43_AB    n=4   자리차이 +0.46  정답도달차이 +0.00
  9y0a_AB    n=4   자리차이 +0.29  정답도달차이 +0.00
  9yc6_HL    n=4   자리차이 -0.28  정답도달차이 +0.00
  9zdu_HL    n=4   자리차이 +0.61  정답도달차이 +0.17

============================================================
  읽은 타깃 30/30종 (건너뛴 것은 위에 ! 로 표시)
  자리 수: 조성군 승 24/30종 (동률 2) · 차이 중앙값 +0.471
    부호검정(동률 제외 n=28) 양측 p = 0.0002
  정답 도달: 조성군 승 10/30종 · 차이 중앙값 +0.000
    부호검정 양측 p = 0.0161

→ results/seedcomp_merged.csv (30행)
