== 8k3k_D ==
■ 8k3k_D · protenix · d57   실행 44개 · 조성 7가지 (반복 2회 이상인 조성 7가지)
  진짜 결합자리 잔기 26개
  대표 자세 = AbEpiScore 최고 자세 — 정답을 보지 않는다
  후보 조립 = 투표(비율 0.75)

[조성이 자리를 정하는가 — 결합자리 겹침(자카드 0~1)]
  같은 조성 안  0.749  (쌍 226개)   ← 높을수록 '같은 조성이면 같은 자리' = 믿을 만함
  다른 조성 사이 0.395  (쌍 720개)   ← 낮을수록 '조성을 바꾸면 다른 자리'
  비율 1.90배
  뒤섞기 검정 p = 0.0005  (2000회)   ✅ 조성이 자리를 정한다

[만들어진 자리 후보 — 조성별 합의 자리를 겹침 0.5 이상이면 같은 것으로 묶음]
  조성 7가지 → 서로 구별되는 자리 후보 **2개**

  후보   조성수    잔기          진짜 자리 덮음      예측 중 진짜   조성
  --------------------------------------------------------------------------
  1    5      22             0.04         0.05   seed1,seed2,seed3,seed5,seedfull
  2    2      47             0.62         0.34   seed0,seed4 ★

  → 후보 2개 중 진짜 자리를 절반 이상 덮는 것 **1개** (후보 2)
     ※ 후보를 여러 개 만들어 놓고 고르는 것이 목적이므로, '하나라도 맞으면' 성공이다.

→ results/ms_site_repro_8k3k_D.csv
→ results/sites_8k3k_D.json  (후보 2개 · 잔기 목록 포함 · 원래 MSA가 속한 후보 1개)
== 8k46_I ==
■ 8k46_I · protenix · d23   실행 44개 · 조성 7가지 (반복 2회 이상인 조성 7가지)
  진짜 결합자리 잔기 25개
  대표 자세 = AbEpiScore 최고 자세 — 정답을 보지 않는다
  후보 조립 = 투표(비율 0.75)

[조성이 자리를 정하는가 — 결합자리 겹침(자카드 0~1)]
  같은 조성 안  0.711  (쌍 226개)   ← 높을수록 '같은 조성이면 같은 자리' = 믿을 만함
  다른 조성 사이 0.436  (쌍 720개)   ← 낮을수록 '조성을 바꾸면 다른 자리'
  비율 1.63배
  뒤섞기 검정 p = 0.0005  (2000회)   ✅ 조성이 자리를 정한다

[만들어진 자리 후보 — 조성별 합의 자리를 겹침 0.5 이상이면 같은 것으로 묶음]
  조성 7가지 → 서로 구별되는 자리 후보 **2개**

  후보   조성수    잔기          진짜 자리 덮음      예측 중 진짜   조성
  --------------------------------------------------------------------------
  1    6      33             0.08         0.06   seed1,seed2,seed3,seed4,seed5,seedfull
  2    1      34             0.00         0.00   seed0

  → 후보 2개 중 진짜 자리를 절반 이상 덮는 것 **0개**
     ※ 후보를 여러 개 만들어 놓고 고르는 것이 목적이므로, '하나라도 맞으면' 성공이다.

→ results/ms_site_repro_8k46_I.csv
→ results/sites_8k46_I.json  (후보 2개 · 잔기 목록 포함 · 원래 MSA가 속한 후보 1개)
== 8k5g_HL ==
■ 8k5g_HL · protenix · d90   실행 32개 · 조성 7가지 (반복 2회 이상인 조성 7가지)
  진짜 결합자리 잔기 15개
  대표 자세 = AbEpiScore 최고 자세 — 정답을 보지 않는다
  후보 조립 = 투표(비율 0.75)

[조성이 자리를 정하는가 — 결합자리 겹침(자카드 0~1)]
  같은 조성 안  0.452  (쌍 64개)   ← 높을수록 '같은 조성이면 같은 자리' = 믿을 만함
  다른 조성 사이 0.400  (쌍 432개)   ← 낮을수록 '조성을 바꾸면 다른 자리'
  비율 1.13배
  뒤섞기 검정 p = 0.0170  (2000회)   ✅ 조성이 자리를 정한다

[만들어진 자리 후보 — 조성별 합의 자리를 겹침 0.5 이상이면 같은 것으로 묶음]
  조성 7가지 → 서로 구별되는 자리 후보 **1개**

  후보   조성수    잔기          진짜 자리 덮음      예측 중 진짜   조성
  --------------------------------------------------------------------------
  1    7      27             0.73         0.41   seed0,seed1,seed2,seed3,seed4,seed5,seedfull ★

  → 후보 1개 중 진짜 자리를 절반 이상 덮는 것 **1개** (후보 1)
     ※ 후보를 여러 개 만들어 놓고 고르는 것이 목적이므로, '하나라도 맞으면' 성공이다.

→ results/ms_site_repro_8k5g_HL.csv
→ results/sites_8k5g_HL.json  (후보 1개 · 잔기 목록 포함 · 원래 MSA가 속한 후보 1개)
== 8k5h_HL ==
■ 8k5h_HL · protenix · d15   실행 32개 · 조성 7가지 (반복 2회 이상인 조성 7가지)
  진짜 결합자리 잔기 15개
  대표 자세 = AbEpiScore 최고 자세 — 정답을 보지 않는다
  후보 조립 = 투표(비율 0.75)

[조성이 자리를 정하는가 — 결합자리 겹침(자카드 0~1)]
  같은 조성 안  0.453  (쌍 64개)   ← 높을수록 '같은 조성이면 같은 자리' = 믿을 만함
  다른 조성 사이 0.363  (쌍 432개)   ← 낮을수록 '조성을 바꾸면 다른 자리'
  비율 1.25배
  뒤섞기 검정 p = 0.0005  (2000회)   ✅ 조성이 자리를 정한다

[만들어진 자리 후보 — 조성별 합의 자리를 겹침 0.5 이상이면 같은 것으로 묶음]
  조성 7가지 → 서로 구별되는 자리 후보 **2개**

  후보   조성수    잔기          진짜 자리 덮음      예측 중 진짜   조성
  --------------------------------------------------------------------------
  1    6      37             0.80         0.32   seed0,seed1,seed2,seed4,seed5,seedfull ★
  2    1      53             0.67         0.19   seed3 ★

  → 후보 2개 중 진짜 자리를 절반 이상 덮는 것 **2개** (후보 1, 2)
     ※ 후보를 여러 개 만들어 놓고 고르는 것이 목적이므로, '하나라도 맞으면' 성공이다.

→ results/ms_site_repro_8k5h_HL.csv
→ results/sites_8k5h_HL.json  (후보 2개 · 잔기 목록 포함 · 원래 MSA가 속한 후보 1개)
== 8kep_HL ==
■ 8kep_HL · protenix · d37   실행 32개 · 조성 7가지 (반복 2회 이상인 조성 7가지)
  진짜 결합자리 잔기 21개
  대표 자세 = AbEpiScore 최고 자세 — 정답을 보지 않는다
  후보 조립 = 투표(비율 0.75)

[조성이 자리를 정하는가 — 결합자리 겹침(자카드 0~1)]
  같은 조성 안  0.552  (쌍 64개)   ← 높을수록 '같은 조성이면 같은 자리' = 믿을 만함
  다른 조성 사이 0.469  (쌍 432개)   ← 낮을수록 '조성을 바꾸면 다른 자리'
  비율 1.18배
  뒤섞기 검정 p = 0.0010  (2000회)   ✅ 조성이 자리를 정한다

[만들어진 자리 후보 — 조성별 합의 자리를 겹침 0.5 이상이면 같은 것으로 묶음]
  조성 7가지 → 서로 구별되는 자리 후보 **1개**

  후보   조성수    잔기          진짜 자리 덮음      예측 중 진짜   조성
  --------------------------------------------------------------------------
  1    7      44             0.57         0.27   seed0,seed1,seed2,seed3,seed4,seed5,seedfull ★

  → 후보 1개 중 진짜 자리를 절반 이상 덮는 것 **1개** (후보 1)
     ※ 후보를 여러 개 만들어 놓고 고르는 것이 목적이므로, '하나라도 맞으면' 성공이다.

→ results/ms_site_repro_8kep_HL.csv
→ results/sites_8kep_HL.json  (후보 1개 · 잔기 목록 포함 · 원래 MSA가 속한 후보 1개)
== 8q7s_C ==
■ 8q7s_C · protenix · d86   실행 32개 · 조성 7가지 (반복 2회 이상인 조성 7가지)
  진짜 결합자리 잔기 25개
  대표 자세 = AbEpiScore 최고 자세 — 정답을 보지 않는다
  후보 조립 = 투표(비율 0.75)

[조성이 자리를 정하는가 — 결합자리 겹침(자카드 0~1)]
  같은 조성 안  0.630  (쌍 64개)   ← 높을수록 '같은 조성이면 같은 자리' = 믿을 만함
  다른 조성 사이 0.523  (쌍 432개)   ← 낮을수록 '조성을 바꾸면 다른 자리'
  비율 1.21배
  뒤섞기 검정 p = 0.0015  (2000회)   ✅ 조성이 자리를 정한다

[만들어진 자리 후보 — 조성별 합의 자리를 겹침 0.5 이상이면 같은 것으로 묶음]
  조성 7가지 → 서로 구별되는 자리 후보 **2개**

  후보   조성수    잔기          진짜 자리 덮음      예측 중 진짜   조성
  --------------------------------------------------------------------------
  1    6      26             0.80         0.77   seed0,seed1,seed2,seed3,seed4,seedfull ★
  2    1      53             0.72         0.34   seed5 ★

  → 후보 2개 중 진짜 자리를 절반 이상 덮는 것 **2개** (후보 1, 2)
     ※ 후보를 여러 개 만들어 놓고 고르는 것이 목적이므로, '하나라도 맞으면' 성공이다.

→ results/ms_site_repro_8q7s_C.csv
→ results/sites_8q7s_C.json  (후보 2개 · 잔기 목록 포함 · 원래 MSA가 속한 후보 1개)
== 8q7s_H ==
■ 8q7s_H · protenix · d55   실행 32개 · 조성 7가지 (반복 2회 이상인 조성 7가지)
  진짜 결합자리 잔기 26개
  대표 자세 = AbEpiScore 최고 자세 — 정답을 보지 않는다
  후보 조립 = 투표(비율 0.75)

[조성이 자리를 정하는가 — 결합자리 겹침(자카드 0~1)]
  같은 조성 안  0.568  (쌍 64개)   ← 높을수록 '같은 조성이면 같은 자리' = 믿을 만함
  다른 조성 사이 0.287  (쌍 432개)   ← 낮을수록 '조성을 바꾸면 다른 자리'
  비율 1.98배
  뒤섞기 검정 p = 0.0005  (2000회)   ✅ 조성이 자리를 정한다

[만들어진 자리 후보 — 조성별 합의 자리를 겹침 0.5 이상이면 같은 것으로 묶음]
  조성 7가지 → 서로 구별되는 자리 후보 **3개**

  후보   조성수    잔기          진짜 자리 덮음      예측 중 진짜   조성
  --------------------------------------------------------------------------
  1    5      32             0.58         0.47   seed0,seed1,seed2,seed3,seed5 ★
  2    1      24             0.00         0.00   seed4
  3    1      40             0.15         0.10   seedfull

  → 후보 3개 중 진짜 자리를 절반 이상 덮는 것 **1개** (후보 1)
     ※ 후보를 여러 개 만들어 놓고 고르는 것이 목적이므로, '하나라도 맞으면' 성공이다.

→ results/ms_site_repro_8q7s_H.csv
→ results/sites_8q7s_H.json  (후보 3개 · 잔기 목록 포함 · 원래 MSA가 속한 후보 1개)
== 8q7s_O ==
■ 8q7s_O · protenix · d35   실행 32개 · 조성 7가지 (반복 2회 이상인 조성 7가지)
  진짜 결합자리 잔기 24개
  대표 자세 = AbEpiScore 최고 자세 — 정답을 보지 않는다
  후보 조립 = 투표(비율 0.75)

[조성이 자리를 정하는가 — 결합자리 겹침(자카드 0~1)]
  같은 조성 안  0.601  (쌍 64개)   ← 높을수록 '같은 조성이면 같은 자리' = 믿을 만함
  다른 조성 사이 0.506  (쌍 432개)   ← 낮을수록 '조성을 바꾸면 다른 자리'
  비율 1.19배
  뒤섞기 검정 p = 0.0005  (2000회)   ✅ 조성이 자리를 정한다

[만들어진 자리 후보 — 조성별 합의 자리를 겹침 0.5 이상이면 같은 것으로 묶음]
  조성 7가지 → 서로 구별되는 자리 후보 **2개**

  후보   조성수    잔기          진짜 자리 덮음      예측 중 진짜   조성
  --------------------------------------------------------------------------
  1    6      27             0.83         0.74   seed0,seed2,seed3,seed4,seed5,seedfull ★
  2    1      44             0.75         0.41   seed1 ★

  → 후보 2개 중 진짜 자리를 절반 이상 덮는 것 **2개** (후보 1, 2)
     ※ 후보를 여러 개 만들어 놓고 고르는 것이 목적이므로, '하나라도 맞으면' 성공이다.

→ results/ms_site_repro_8q7s_O.csv
→ results/sites_8q7s_O.json  (후보 2개 · 잔기 목록 포함 · 원래 MSA가 속한 후보 1개)
== 8siq_HL ==
■ 8siq_HL · protenix · d670   실행 32개 · 조성 7가지 (반복 2회 이상인 조성 7가지)
  진짜 결합자리 잔기 27개
  대표 자세 = AbEpiScore 최고 자세 — 정답을 보지 않는다
  후보 조립 = 투표(비율 0.75)

[조성이 자리를 정하는가 — 결합자리 겹침(자카드 0~1)]
  같은 조성 안  0.421  (쌍 64개)   ← 높을수록 '같은 조성이면 같은 자리' = 믿을 만함
  다른 조성 사이 0.169  (쌍 432개)   ← 낮을수록 '조성을 바꾸면 다른 자리'
  비율 2.49배
  뒤섞기 검정 p = 0.0005  (2000회)   ✅ 조성이 자리를 정한다

[만들어진 자리 후보 — 조성별 합의 자리를 겹침 0.5 이상이면 같은 것으로 묶음]
  조성 7가지 → 서로 구별되는 자리 후보 **7개**

  후보   조성수    잔기          진짜 자리 덮음      예측 중 진짜   조성
  --------------------------------------------------------------------------
  1    1      45             0.37         0.22   seed0
  2    1      42             0.19         0.12   seed1
  3    1      71             0.74         0.28   seed2 ★
  4    1      83             0.52         0.17   seed3 ★
  5    1      75             0.67         0.24   seed4 ★
  6    1      99             0.70         0.19   seed5 ★
  7    1      35             0.37         0.29   seedfull

  → 후보 7개 중 진짜 자리를 절반 이상 덮는 것 **4개** (후보 3, 4, 5, 6)
     ※ 후보를 여러 개 만들어 놓고 고르는 것이 목적이므로, '하나라도 맞으면' 성공이다.

→ results/ms_site_repro_8siq_HL.csv
→ results/sites_8siq_HL.json  (후보 7개 · 잔기 목록 포함 · 원래 MSA가 속한 후보 1개)
== 8sis_HL ==
■ 8sis_HL · protenix · d4169   실행 44개 · 조성 7가지 (반복 2회 이상인 조성 7가지)
  진짜 결합자리 잔기 27개
  대표 자세 = AbEpiScore 최고 자세 — 정답을 보지 않는다
  후보 조립 = 투표(비율 0.75)

[조성이 자리를 정하는가 — 결합자리 겹침(자카드 0~1)]
  같은 조성 안  0.406  (쌍 226개)   ← 높을수록 '같은 조성이면 같은 자리' = 믿을 만함
  다른 조성 사이 0.277  (쌍 720개)   ← 낮을수록 '조성을 바꾸면 다른 자리'
  비율 1.47배
  뒤섞기 검정 p = 0.0005  (2000회)   ✅ 조성이 자리를 정한다

[만들어진 자리 후보 — 조성별 합의 자리를 겹침 0.5 이상이면 같은 것으로 묶음]
  조성 7가지 → 서로 구별되는 자리 후보 **3개**

  후보   조성수    잔기          진짜 자리 덮음      예측 중 진짜   조성
  --------------------------------------------------------------------------
  1    3      47             0.26         0.15   seed0,seed4,seedfull
  2    2      42             0.85         0.55   seed1,seed2 ★
  3    2      51             0.67         0.35   seed3,seed5 ★

  → 후보 3개 중 진짜 자리를 절반 이상 덮는 것 **2개** (후보 2, 3)
     ※ 후보를 여러 개 만들어 놓고 고르는 것이 목적이므로, '하나라도 맞으면' 성공이다.

→ results/ms_site_repro_8sis_HL.csv
→ results/sites_8sis_HL.json  (후보 3개 · 잔기 목록 포함 · 원래 MSA가 속한 후보 1개)
== 8sit_HL ==
■ 8sit_HL · protenix · d4035   실행 32개 · 조성 7가지 (반복 2회 이상인 조성 7가지)
  진짜 결합자리 잔기 29개
  대표 자세 = AbEpiScore 최고 자세 — 정답을 보지 않는다
  후보 조립 = 투표(비율 0.75)

[조성이 자리를 정하는가 — 결합자리 겹침(자카드 0~1)]
  같은 조성 안  0.299  (쌍 64개)   ← 높을수록 '같은 조성이면 같은 자리' = 믿을 만함
  다른 조성 사이 0.241  (쌍 432개)   ← 낮을수록 '조성을 바꾸면 다른 자리'
  비율 1.24배
  뒤섞기 검정 p = 0.0250  (2000회)   ✅ 조성이 자리를 정한다

[만들어진 자리 후보 — 조성별 합의 자리를 겹침 0.5 이상이면 같은 것으로 묶음]
  조성 7가지 → 서로 구별되는 자리 후보 **4개**

  후보   조성수    잔기          진짜 자리 덮음      예측 중 진짜   조성
  --------------------------------------------------------------------------
  1    4      27             0.03         0.04   seed2,seed3,seed5,seedfull
  2    1      63             0.62         0.29   seed0 ★
  3    1      51             0.17         0.10   seed1
  4    1      70             0.76         0.31   seed4 ★

  → 후보 4개 중 진짜 자리를 절반 이상 덮는 것 **2개** (후보 2, 4)
     ※ 후보를 여러 개 만들어 놓고 고르는 것이 목적이므로, '하나라도 맞으면' 성공이다.

→ results/ms_site_repro_8sit_HL.csv
→ results/sites_8sit_HL.json  (후보 4개 · 잔기 목록 포함 · 원래 MSA가 속한 후보 1개)
== 8t4a_PR ==
■ 8t4a_PR · protenix · d1824   실행 32개 · 조성 7가지 (반복 2회 이상인 조성 7가지)
  진짜 결합자리 잔기 16개
  대표 자세 = AbEpiScore 최고 자세 — 정답을 보지 않는다
  후보 조립 = 투표(비율 0.75)

[조성이 자리를 정하는가 — 결합자리 겹침(자카드 0~1)]
  같은 조성 안  0.301  (쌍 64개)   ← 높을수록 '같은 조성이면 같은 자리' = 믿을 만함
  다른 조성 사이 0.227  (쌍 432개)   ← 낮을수록 '조성을 바꾸면 다른 자리'
  비율 1.33배
  뒤섞기 검정 p = 0.0010  (2000회)   ✅ 조성이 자리를 정한다

[만들어진 자리 후보 — 조성별 합의 자리를 겹침 0.5 이상이면 같은 것으로 묶음]
  조성 7가지 → 서로 구별되는 자리 후보 **7개**

  후보   조성수    잔기          진짜 자리 덮음      예측 중 진짜   조성
  --------------------------------------------------------------------------
  1    1      49             0.94         0.31   seed0 ★
  2    1      69             0.88         0.20   seed1 ★
  3    1      83             1.00         0.19   seed2 ★
  4    1      90             0.94         0.17   seed3 ★
  5    1      110            0.75         0.11   seed4 ★
  6    1      79             0.94         0.19   seed5 ★
  7    1      70             0.81         0.19   seedfull ★

  → 후보 7개 중 진짜 자리를 절반 이상 덮는 것 **7개** (후보 1, 2, 3, 4, 5, 6, 7)
     ※ 후보를 여러 개 만들어 놓고 고르는 것이 목적이므로, '하나라도 맞으면' 성공이다.

→ results/ms_site_repro_8t4a_PR.csv
→ results/sites_8t4a_PR.json  (후보 7개 · 잔기 목록 포함 · 원래 MSA가 속한 후보 1개)
== 8t4d_OQ ==
■ 8t4d_OQ · protenix · d150   실행 32개 · 조성 7가지 (반복 2회 이상인 조성 7가지)
  진짜 결합자리 잔기 25개
  대표 자세 = AbEpiScore 최고 자세 — 정답을 보지 않는다
  후보 조립 = 투표(비율 0.75)

[조성이 자리를 정하는가 — 결합자리 겹침(자카드 0~1)]
  같은 조성 안  0.361  (쌍 64개)   ← 높을수록 '같은 조성이면 같은 자리' = 믿을 만함
  다른 조성 사이 0.203  (쌍 432개)   ← 낮을수록 '조성을 바꾸면 다른 자리'
  비율 1.78배
  뒤섞기 검정 p = 0.0005  (2000회)   ✅ 조성이 자리를 정한다

[만들어진 자리 후보 — 조성별 합의 자리를 겹침 0.5 이상이면 같은 것으로 묶음]
  조성 7가지 → 서로 구별되는 자리 후보 **7개**

  후보   조성수    잔기          진짜 자리 덮음      예측 중 진짜   조성
  --------------------------------------------------------------------------
  1    1      59             0.72         0.31   seed0 ★
  2    1      79             0.52         0.16   seed1 ★
  3    1      92             0.80         0.22   seed2 ★
  4    1      124            0.88         0.18   seed3 ★
  5    1      47             0.52         0.28   seed4 ★
  6    1      87             0.64         0.18   seed5 ★
  7    1      85             0.60         0.18   seedfull ★

  → 후보 7개 중 진짜 자리를 절반 이상 덮는 것 **7개** (후보 1, 2, 3, 4, 5, 6, 7)
     ※ 후보를 여러 개 만들어 놓고 고르는 것이 목적이므로, '하나라도 맞으면' 성공이다.

→ results/ms_site_repro_8t4d_OQ.csv
→ results/sites_8t4d_OQ.json  (후보 7개 · 잔기 목록 포함 · 원래 MSA가 속한 후보 1개)
== 8tp5_HL ==
■ 8tp5_HL · protenix · d307   실행 44개 · 조성 7가지 (반복 2회 이상인 조성 7가지)
  진짜 결합자리 잔기 27개
  대표 자세 = AbEpiScore 최고 자세 — 정답을 보지 않는다
  후보 조립 = 투표(비율 0.75)

[조성이 자리를 정하는가 — 결합자리 겹침(자카드 0~1)]
  같은 조성 안  0.450  (쌍 226개)   ← 높을수록 '같은 조성이면 같은 자리' = 믿을 만함
  다른 조성 사이 0.324  (쌍 720개)   ← 낮을수록 '조성을 바꾸면 다른 자리'
  비율 1.39배
  뒤섞기 검정 p = 0.0020  (2000회)   ✅ 조성이 자리를 정한다

[만들어진 자리 후보 — 조성별 합의 자리를 겹침 0.5 이상이면 같은 것으로 묶음]
  조성 7가지 → 서로 구별되는 자리 후보 **3개**

  후보   조성수    잔기          진짜 자리 덮음      예측 중 진짜   조성
  --------------------------------------------------------------------------
  1    5      53             0.00         0.00   seed1,seed3,seed4,seed5,seedfull
  2    1      33             0.85         0.70   seed0 ★
  3    1      78             0.52         0.18   seed2 ★

  → 후보 3개 중 진짜 자리를 절반 이상 덮는 것 **2개** (후보 2, 3)
     ※ 후보를 여러 개 만들어 놓고 고르는 것이 목적이므로, '하나라도 맞으면' 성공이다.

→ results/ms_site_repro_8tp5_HL.csv
→ results/sites_8tp5_HL.json  (후보 3개 · 잔기 목록 포함 · 원래 MSA가 속한 후보 1개)
== 8u44_ST ==
■ 8u44_ST · protenix · d413   실행 32개 · 조성 7가지 (반복 2회 이상인 조성 7가지)
  진짜 결합자리 잔기 31개
  대표 자세 = AbEpiScore 최고 자세 — 정답을 보지 않는다
  후보 조립 = 투표(비율 0.75)

[조성이 자리를 정하는가 — 결합자리 겹침(자카드 0~1)]
  같은 조성 안  0.277  (쌍 64개)   ← 높을수록 '같은 조성이면 같은 자리' = 믿을 만함
  다른 조성 사이 0.262  (쌍 432개)   ← 낮을수록 '조성을 바꾸면 다른 자리'
  비율 1.06배
  뒤섞기 검정 p = 0.2604  (2000회)   ✗ 조성과 무관 — 자리는 실행마다 흔들릴 뿐

[만들어진 자리 후보 — 조성별 합의 자리를 겹침 0.5 이상이면 같은 것으로 묶음]
  조성 7가지 → 서로 구별되는 자리 후보 **3개**

  후보   조성수    잔기          진짜 자리 덮음      예측 중 진짜   조성
  --------------------------------------------------------------------------
  1    3      32             0.55         0.53   seed0,seed5,seedfull ★
  2    3      25             0.10         0.12   seed1,seed2,seed4
  3    1      51             0.42         0.25   seed3

  → 후보 3개 중 진짜 자리를 절반 이상 덮는 것 **1개** (후보 1)
     ※ 후보를 여러 개 만들어 놓고 고르는 것이 목적이므로, '하나라도 맞으면' 성공이다.

→ results/ms_site_repro_8u44_ST.csv
→ results/sites_8u44_ST.json  (후보 3개 · 잔기 목록 포함 · 원래 MSA가 속한 후보 1개)
== 8ulr_HL ==
■ 8ulr_HL · protenix · d1746   실행 62개 · 조성 9가지 (반복 2회 이상인 조성 9가지)
  진짜 결합자리 잔기 30개
  대표 자세 = AbEpiScore 최고 자세 — 정답을 보지 않는다
  후보 조립 = 투표(비율 0.75)

[조성이 자리를 정하는가 — 결합자리 겹침(자카드 0~1)]
  같은 조성 안  0.566  (쌍 483개)   ← 높을수록 '같은 조성이면 같은 자리' = 믿을 만함
  다른 조성 사이 0.379  (쌍 1408개)   ← 낮을수록 '조성을 바꾸면 다른 자리'
  비율 1.49배
  뒤섞기 검정 p = 0.0005  (2000회)   ✅ 조성이 자리를 정한다

[만들어진 자리 후보 — 조성별 합의 자리를 겹침 0.5 이상이면 같은 것으로 묶음]
  조성 9가지 → 서로 구별되는 자리 후보 **3개**

  후보   조성수    잔기          진짜 자리 덮음      예측 중 진짜   조성
  --------------------------------------------------------------------------
  1    5      74             0.77         0.31   seed0,seed1,seed2,seed5,seedfull ★
  2    3      40             0.90         0.68   seed3,seed4,seed7 ★
  3    1      85             0.87         0.31   seed6 ★

  → 후보 3개 중 진짜 자리를 절반 이상 덮는 것 **3개** (후보 1, 2, 3)
     ※ 후보를 여러 개 만들어 놓고 고르는 것이 목적이므로, '하나라도 맞으면' 성공이다.

→ results/ms_site_repro_8ulr_HL.csv
→ results/sites_8ulr_HL.json  (후보 3개 · 잔기 목록 포함 · 원래 MSA가 속한 후보 1개)
== 8ume_HL ==
■ 8ume_HL · protenix · d653   실행 32개 · 조성 7가지 (반복 2회 이상인 조성 7가지)
  진짜 결합자리 잔기 22개
  대표 자세 = AbEpiScore 최고 자세 — 정답을 보지 않는다
  후보 조립 = 투표(비율 0.75)

[조성이 자리를 정하는가 — 결합자리 겹침(자카드 0~1)]
  같은 조성 안  0.194  (쌍 64개)   ← 높을수록 '같은 조성이면 같은 자리' = 믿을 만함
  다른 조성 사이 0.126  (쌍 432개)   ← 낮을수록 '조성을 바꾸면 다른 자리'
  비율 1.54배
  뒤섞기 검정 p = 0.0290  (2000회)   ✅ 조성이 자리를 정한다

[만들어진 자리 후보 — 조성별 합의 자리를 겹침 0.5 이상이면 같은 것으로 묶음]
  조성 6가지 → 서로 구별되는 자리 후보 **4개**

  후보   조성수    잔기          진짜 자리 덮음      예측 중 진짜   조성
  --------------------------------------------------------------------------
  1    2      23             0.73         0.70   seed0,seed3 ★
  2    2      22             0.00         0.00   seed4,seed5
  3    1      36             0.00         0.00   seed1
  4    1      47             0.73         0.34   seed2 ★

  → 후보 4개 중 진짜 자리를 절반 이상 덮는 것 **2개** (후보 1, 4)
     ※ 후보를 여러 개 만들어 놓고 고르는 것이 목적이므로, '하나라도 맞으면' 성공이다.

→ results/ms_site_repro_8ume_HL.csv
→ results/sites_8ume_HL.json  (후보 4개 · 잔기 목록 포함 · 원래 MSA가 속한 후보 0개)
== 8xsi_HL ==
■ 8xsi_HL · protenix · d8894   실행 32개 · 조성 7가지 (반복 2회 이상인 조성 7가지)
  진짜 결합자리 잔기 18개
  대표 자세 = AbEpiScore 최고 자세 — 정답을 보지 않는다
  후보 조립 = 투표(비율 0.75)

[조성이 자리를 정하는가 — 결합자리 겹침(자카드 0~1)]
  같은 조성 안  0.469  (쌍 64개)   ← 높을수록 '같은 조성이면 같은 자리' = 믿을 만함
  다른 조성 사이 0.338  (쌍 432개)   ← 낮을수록 '조성을 바꾸면 다른 자리'
  비율 1.39배
  뒤섞기 검정 p = 0.0025  (2000회)   ✅ 조성이 자리를 정한다

[만들어진 자리 후보 — 조성별 합의 자리를 겹침 0.5 이상이면 같은 것으로 묶음]
  조성 7가지 → 서로 구별되는 자리 후보 **3개**

  후보   조성수    잔기          진짜 자리 덮음      예측 중 진짜   조성
  --------------------------------------------------------------------------
  1    5      26             0.00         0.00   seed0,seed2,seed3,seed5,seedfull
  2    1      56             0.33         0.11   seed1
  3    1      46             0.06         0.02   seed4

  → 후보 3개 중 진짜 자리를 절반 이상 덮는 것 **0개**
     ※ 후보를 여러 개 만들어 놓고 고르는 것이 목적이므로, '하나라도 맞으면' 성공이다.

→ results/ms_site_repro_8xsi_HL.csv
→ results/sites_8xsi_HL.json  (후보 3개 · 잔기 목록 포함 · 원래 MSA가 속한 후보 1개)
== 9azr_HL ==
■ 9azr_HL · protenix · d552   실행 32개 · 조성 7가지 (반복 2회 이상인 조성 7가지)
  진짜 결합자리 잔기 24개
  대표 자세 = AbEpiScore 최고 자세 — 정답을 보지 않는다
  후보 조립 = 투표(비율 0.75)

[조성이 자리를 정하는가 — 결합자리 겹침(자카드 0~1)]
  같은 조성 안  0.418  (쌍 64개)   ← 높을수록 '같은 조성이면 같은 자리' = 믿을 만함
  다른 조성 사이 0.282  (쌍 432개)   ← 낮을수록 '조성을 바꾸면 다른 자리'
  비율 1.48배
  뒤섞기 검정 p = 0.0060  (2000회)   ✅ 조성이 자리를 정한다

[만들어진 자리 후보 — 조성별 합의 자리를 겹침 0.5 이상이면 같은 것으로 묶음]
  조성 7가지 → 서로 구별되는 자리 후보 **3개**

  후보   조성수    잔기          진짜 자리 덮음      예측 중 진짜   조성
  --------------------------------------------------------------------------
  1    5      26             0.75         0.69   seed1,seed2,seed3,seed5,seedfull ★
  2    1      54             0.04         0.02   seed0
  3    1      37             0.71         0.46   seed4 ★

  → 후보 3개 중 진짜 자리를 절반 이상 덮는 것 **2개** (후보 1, 3)
     ※ 후보를 여러 개 만들어 놓고 고르는 것이 목적이므로, '하나라도 맞으면' 성공이다.

→ results/ms_site_repro_9azr_HL.csv
→ results/sites_9azr_HL.json  (후보 3개 · 잔기 목록 포함 · 원래 MSA가 속한 후보 1개)
== 9azt_HL ==
■ 9azt_HL · protenix · d4   실행 32개 · 조성 7가지 (반복 2회 이상인 조성 7가지)
  진짜 결합자리 잔기 24개
  대표 자세 = AbEpiScore 최고 자세 — 정답을 보지 않는다
  후보 조립 = 투표(비율 0.75)

[조성이 자리를 정하는가 — 결합자리 겹침(자카드 0~1)]
  같은 조성 안  0.269  (쌍 64개)   ← 높을수록 '같은 조성이면 같은 자리' = 믿을 만함
  다른 조성 사이 0.186  (쌍 432개)   ← 낮을수록 '조성을 바꾸면 다른 자리'
  비율 1.44배
  뒤섞기 검정 p = 0.0005  (2000회)   ✅ 조성이 자리를 정한다

[만들어진 자리 후보 — 조성별 합의 자리를 겹침 0.5 이상이면 같은 것으로 묶음]
  조성 7가지 → 서로 구별되는 자리 후보 **7개**

  후보   조성수    잔기          진짜 자리 덮음      예측 중 진짜   조성
  --------------------------------------------------------------------------
  1    1      66             0.54         0.20   seed0 ★
  2    1      81             0.62         0.19   seed1 ★
  3    1      70             0.25         0.09   seed2
  4    1      72             0.25         0.08   seed3
  5    1      89             0.54         0.15   seed4 ★
  6    1      54             0.12         0.06   seed5
  7    1      45             0.04         0.02   seedfull

  → 후보 7개 중 진짜 자리를 절반 이상 덮는 것 **3개** (후보 1, 2, 5)
     ※ 후보를 여러 개 만들어 놓고 고르는 것이 목적이므로, '하나라도 맞으면' 성공이다.

→ results/ms_site_repro_9azt_HL.csv
→ results/sites_9azt_HL.json  (후보 7개 · 잔기 목록 포함 · 원래 MSA가 속한 후보 1개)
== 9azv_HL ==
■ 9azv_HL · protenix · d293   실행 32개 · 조성 7가지 (반복 2회 이상인 조성 7가지)
  진짜 결합자리 잔기 24개
  대표 자세 = AbEpiScore 최고 자세 — 정답을 보지 않는다
  후보 조립 = 투표(비율 0.75)

[조성이 자리를 정하는가 — 결합자리 겹침(자카드 0~1)]
  같은 조성 안  0.299  (쌍 64개)   ← 높을수록 '같은 조성이면 같은 자리' = 믿을 만함
  다른 조성 사이 0.236  (쌍 432개)   ← 낮을수록 '조성을 바꾸면 다른 자리'
  비율 1.27배
  뒤섞기 검정 p = 0.0155  (2000회)   ✅ 조성이 자리를 정한다

[만들어진 자리 후보 — 조성별 합의 자리를 겹침 0.5 이상이면 같은 것으로 묶음]
  조성 7가지 → 서로 구별되는 자리 후보 **5개**

  후보   조성수    잔기          진짜 자리 덮음      예측 중 진짜   조성
  --------------------------------------------------------------------------
  1    2      48             0.00         0.00   seed1,seed3
  2    2      42             0.04         0.02   seed4,seed5
  3    1      56             0.75         0.32   seed0 ★
  4    1      63             0.62         0.24   seed2 ★
  5    1      55             0.92         0.40   seedfull ★

  → 후보 5개 중 진짜 자리를 절반 이상 덮는 것 **3개** (후보 3, 4, 5)
     ※ 후보를 여러 개 만들어 놓고 고르는 것이 목적이므로, '하나라도 맞으면' 성공이다.

→ results/ms_site_repro_9azv_HL.csv
→ results/sites_9azv_HL.json  (후보 5개 · 잔기 목록 포함 · 원래 MSA가 속한 후보 1개)
== 9b7g_QP ==
■ 9b7g_QP · protenix · d625   실행 32개 · 조성 7가지 (반복 2회 이상인 조성 7가지)
  진짜 결합자리 잔기 26개
  대표 자세 = AbEpiScore 최고 자세 — 정답을 보지 않는다
  후보 조립 = 투표(비율 0.75)

[조성이 자리를 정하는가 — 결합자리 겹침(자카드 0~1)]
  같은 조성 안  0.506  (쌍 64개)   ← 높을수록 '같은 조성이면 같은 자리' = 믿을 만함
  다른 조성 사이 0.409  (쌍 432개)   ← 낮을수록 '조성을 바꾸면 다른 자리'
  비율 1.24배
  뒤섞기 검정 p = 0.0005  (2000회)   ✅ 조성이 자리를 정한다

[만들어진 자리 후보 — 조성별 합의 자리를 겹침 0.5 이상이면 같은 것으로 묶음]
  조성 7가지 → 서로 구별되는 자리 후보 **2개**

  후보   조성수    잔기          진짜 자리 덮음      예측 중 진짜   조성
  --------------------------------------------------------------------------
  1    6      30             0.92         0.80   seed0,seed1,seed2,seed4,seed5,seedfull ★
  2    1      57             0.65         0.30   seed3 ★

  → 후보 2개 중 진짜 자리를 절반 이상 덮는 것 **2개** (후보 1, 2)
     ※ 후보를 여러 개 만들어 놓고 고르는 것이 목적이므로, '하나라도 맞으면' 성공이다.

→ results/ms_site_repro_9b7g_QP.csv
→ results/sites_9b7g_QP.json  (후보 2개 · 잔기 목록 포함 · 원래 MSA가 속한 후보 1개)
== 9bdg_FI ==
■ 9bdg_FI · protenix · d173   실행 32개 · 조성 7가지 (반복 2회 이상인 조성 7가지)
  진짜 결합자리 잔기 29개
  대표 자세 = AbEpiScore 최고 자세 — 정답을 보지 않는다
  후보 조립 = 투표(비율 0.75)

[조성이 자리를 정하는가 — 결합자리 겹침(자카드 0~1)]
  같은 조성 안  0.413  (쌍 64개)   ← 높을수록 '같은 조성이면 같은 자리' = 믿을 만함
  다른 조성 사이 0.300  (쌍 432개)   ← 낮을수록 '조성을 바꾸면 다른 자리'
  비율 1.38배
  뒤섞기 검정 p = 0.0165  (2000회)   ✅ 조성이 자리를 정한다

[만들어진 자리 후보 — 조성별 합의 자리를 겹침 0.5 이상이면 같은 것으로 묶음]
  조성 7가지 → 서로 구별되는 자리 후보 **3개**

  후보   조성수    잔기          진짜 자리 덮음      예측 중 진짜   조성
  --------------------------------------------------------------------------
  1    5      28             0.14         0.14   seed0,seed1,seed3,seed5,seedfull
  2    1      30             0.28         0.27   seed2
  3    1      49             0.17         0.10   seed4

  → 후보 3개 중 진짜 자리를 절반 이상 덮는 것 **0개**
     ※ 후보를 여러 개 만들어 놓고 고르는 것이 목적이므로, '하나라도 맞으면' 성공이다.

→ results/ms_site_repro_9bdg_FI.csv
→ results/sites_9bdg_FI.json  (후보 3개 · 잔기 목록 포함 · 원래 MSA가 속한 후보 1개)
== 9kkj_HL ==
■ 9kkj_HL · protenix · d2220   실행 32개 · 조성 7가지 (반복 2회 이상인 조성 7가지)
  진짜 결합자리 잔기 23개
  대표 자세 = AbEpiScore 최고 자세 — 정답을 보지 않는다
  후보 조립 = 투표(비율 0.75)

[조성이 자리를 정하는가 — 결합자리 겹침(자카드 0~1)]
  같은 조성 안  0.547  (쌍 64개)   ← 높을수록 '같은 조성이면 같은 자리' = 믿을 만함
  다른 조성 사이 0.529  (쌍 432개)   ← 낮을수록 '조성을 바꾸면 다른 자리'
  비율 1.03배
  뒤섞기 검정 p = 0.2529  (2000회)   ✗ 조성과 무관 — 자리는 실행마다 흔들릴 뿐

[만들어진 자리 후보 — 조성별 합의 자리를 겹침 0.5 이상이면 같은 것으로 묶음]
  조성 7가지 → 서로 구별되는 자리 후보 **1개**

  후보   조성수    잔기          진짜 자리 덮음      예측 중 진짜   조성
  --------------------------------------------------------------------------
  1    7      29             0.39         0.31   seed0,seed1,seed2,seed3,seed4,seed5,seedfull

  → 후보 1개 중 진짜 자리를 절반 이상 덮는 것 **0개**
     ※ 후보를 여러 개 만들어 놓고 고르는 것이 목적이므로, '하나라도 맞으면' 성공이다.

→ results/ms_site_repro_9kkj_HL.csv
→ results/sites_9kkj_HL.json  (후보 1개 · 잔기 목록 포함 · 원래 MSA가 속한 후보 1개)
== 9ml9_HL ==
■ 9ml9_HL · protenix · d8769   실행 32개 · 조성 7가지 (반복 2회 이상인 조성 7가지)
  진짜 결합자리 잔기 24개
  대표 자세 = AbEpiScore 최고 자세 — 정답을 보지 않는다
  후보 조립 = 투표(비율 0.75)

[조성이 자리를 정하는가 — 결합자리 겹침(자카드 0~1)]
  같은 조성 안  0.423  (쌍 64개)   ← 높을수록 '같은 조성이면 같은 자리' = 믿을 만함
  다른 조성 사이 0.389  (쌍 432개)   ← 낮을수록 '조성을 바꾸면 다른 자리'
  비율 1.09배
  뒤섞기 검정 p = 0.0425  (2000회)   ✅ 조성이 자리를 정한다

[만들어진 자리 후보 — 조성별 합의 자리를 겹침 0.5 이상이면 같은 것으로 묶음]
  조성 7가지 → 서로 구별되는 자리 후보 **1개**

  후보   조성수    잔기          진짜 자리 덮음      예측 중 진짜   조성
  --------------------------------------------------------------------------
  1    7      37             0.25         0.16   seed0,seed1,seed2,seed3,seed4,seed5,seedfull

  → 후보 1개 중 진짜 자리를 절반 이상 덮는 것 **0개**
     ※ 후보를 여러 개 만들어 놓고 고르는 것이 목적이므로, '하나라도 맞으면' 성공이다.

→ results/ms_site_repro_9ml9_HL.csv
→ results/sites_9ml9_HL.json  (후보 1개 · 잔기 목록 포함 · 원래 MSA가 속한 후보 1개)
== 9mqr_DE ==
■ 9mqr_DE · protenix · d3538   실행 32개 · 조성 7가지 (반복 2회 이상인 조성 7가지)
  진짜 결합자리 잔기 28개
  대표 자세 = AbEpiScore 최고 자세 — 정답을 보지 않는다
  후보 조립 = 투표(비율 0.75)

[조성이 자리를 정하는가 — 결합자리 겹침(자카드 0~1)]
  같은 조성 안  0.425  (쌍 64개)   ← 높을수록 '같은 조성이면 같은 자리' = 믿을 만함
  다른 조성 사이 0.294  (쌍 432개)   ← 낮을수록 '조성을 바꾸면 다른 자리'
  비율 1.45배
  뒤섞기 검정 p = 0.0025  (2000회)   ✅ 조성이 자리를 정한다

[만들어진 자리 후보 — 조성별 합의 자리를 겹침 0.5 이상이면 같은 것으로 묶음]
  조성 7가지 → 서로 구별되는 자리 후보 **3개**

  후보   조성수    잔기          진짜 자리 덮음      예측 중 진짜   조성
  --------------------------------------------------------------------------
  1    5      23             0.00         0.00   seed0,seed1,seed3,seed4,seed5
  2    1      56             0.89         0.45   seed2 ★
  3    1      31             0.50         0.45   seedfull ★

  → 후보 3개 중 진짜 자리를 절반 이상 덮는 것 **2개** (후보 2, 3)
     ※ 후보를 여러 개 만들어 놓고 고르는 것이 목적이므로, '하나라도 맞으면' 성공이다.

→ results/ms_site_repro_9mqr_DE.csv
→ results/sites_9mqr_DE.json  (후보 3개 · 잔기 목록 포함 · 원래 MSA가 속한 후보 1개)
== 9w43_AB ==
■ 9w43_AB · protenix · d51   실행 32개 · 조성 7가지 (반복 2회 이상인 조성 7가지)
  진짜 결합자리 잔기 22개
  대표 자세 = AbEpiScore 최고 자세 — 정답을 보지 않는다
  후보 조립 = 투표(비율 0.75)

[조성이 자리를 정하는가 — 결합자리 겹침(자카드 0~1)]
  같은 조성 안  0.604  (쌍 64개)   ← 높을수록 '같은 조성이면 같은 자리' = 믿을 만함
  다른 조성 사이 0.431  (쌍 432개)   ← 낮을수록 '조성을 바꾸면 다른 자리'
  비율 1.40배
  뒤섞기 검정 p = 0.0005  (2000회)   ✅ 조성이 자리를 정한다

[만들어진 자리 후보 — 조성별 합의 자리를 겹침 0.5 이상이면 같은 것으로 묶음]
  조성 7가지 → 서로 구별되는 자리 후보 **2개**

  후보   조성수    잔기          진짜 자리 덮음      예측 중 진짜   조성
  --------------------------------------------------------------------------
  1    6      31             0.23         0.16   seed0,seed1,seed2,seed3,seed5,seedfull
  2    1      16             0.05         0.06   seed4

  → 후보 2개 중 진짜 자리를 절반 이상 덮는 것 **0개**
     ※ 후보를 여러 개 만들어 놓고 고르는 것이 목적이므로, '하나라도 맞으면' 성공이다.

→ results/ms_site_repro_9w43_AB.csv
→ results/sites_9w43_AB.json  (후보 2개 · 잔기 목록 포함 · 원래 MSA가 속한 후보 1개)
== 9y0a_AB ==
■ 9y0a_AB · protenix · d289   실행 32개 · 조성 7가지 (반복 2회 이상인 조성 7가지)
  진짜 결합자리 잔기 18개
  대표 자세 = AbEpiScore 최고 자세 — 정답을 보지 않는다
  후보 조립 = 투표(비율 0.75)

[조성이 자리를 정하는가 — 결합자리 겹침(자카드 0~1)]
  같은 조성 안  0.403  (쌍 64개)   ← 높을수록 '같은 조성이면 같은 자리' = 믿을 만함
  다른 조성 사이 0.435  (쌍 432개)   ← 낮을수록 '조성을 바꾸면 다른 자리'
  비율 0.93배
  뒤섞기 검정 p = 0.8431  (2000회)   ✗ 조성과 무관 — 자리는 실행마다 흔들릴 뿐

[만들어진 자리 후보 — 조성별 합의 자리를 겹침 0.5 이상이면 같은 것으로 묶음]
  조성 7가지 → 서로 구별되는 자리 후보 **1개**

  후보   조성수    잔기          진짜 자리 덮음      예측 중 진짜   조성
  --------------------------------------------------------------------------
  1    7      24             0.22         0.17   seed0,seed1,seed2,seed3,seed4,seed5,seedfull

  → 후보 1개 중 진짜 자리를 절반 이상 덮는 것 **0개**
     ※ 후보를 여러 개 만들어 놓고 고르는 것이 목적이므로, '하나라도 맞으면' 성공이다.

→ results/ms_site_repro_9y0a_AB.csv
→ results/sites_9y0a_AB.json  (후보 1개 · 잔기 목록 포함 · 원래 MSA가 속한 후보 1개)
== 9yc6_HL ==
■ 9yc6_HL · protenix · d611   실행 32개 · 조성 7가지 (반복 2회 이상인 조성 7가지)
  진짜 결합자리 잔기 18개
  대표 자세 = AbEpiScore 최고 자세 — 정답을 보지 않는다
  후보 조립 = 투표(비율 0.75)

[조성이 자리를 정하는가 — 결합자리 겹침(자카드 0~1)]
  같은 조성 안  0.380  (쌍 64개)   ← 높을수록 '같은 조성이면 같은 자리' = 믿을 만함
  다른 조성 사이 0.315  (쌍 432개)   ← 낮을수록 '조성을 바꾸면 다른 자리'
  비율 1.21배
  뒤섞기 검정 p = 0.0090  (2000회)   ✅ 조성이 자리를 정한다

[만들어진 자리 후보 — 조성별 합의 자리를 겹침 0.5 이상이면 같은 것으로 묶음]
  조성 7가지 → 서로 구별되는 자리 후보 **1개**

  후보   조성수    잔기          진짜 자리 덮음      예측 중 진짜   조성
  --------------------------------------------------------------------------
  1    7      55             0.67         0.22   seed0,seed1,seed2,seed3,seed4,seed5,seedfull ★

  → 후보 1개 중 진짜 자리를 절반 이상 덮는 것 **1개** (후보 1)
     ※ 후보를 여러 개 만들어 놓고 고르는 것이 목적이므로, '하나라도 맞으면' 성공이다.

→ results/ms_site_repro_9yc6_HL.csv
→ results/sites_9yc6_HL.json  (후보 1개 · 잔기 목록 포함 · 원래 MSA가 속한 후보 1개)
== 9zdu_HL ==
■ 9zdu_HL · protenix · d11017   실행 32개 · 조성 7가지 (반복 2회 이상인 조성 7가지)
  진짜 결합자리 잔기 26개
  대표 자세 = AbEpiScore 최고 자세 — 정답을 보지 않는다
  후보 조립 = 투표(비율 0.75)

[조성이 자리를 정하는가 — 결합자리 겹침(자카드 0~1)]
  같은 조성 안  0.561  (쌍 64개)   ← 높을수록 '같은 조성이면 같은 자리' = 믿을 만함
  다른 조성 사이 0.504  (쌍 432개)   ← 낮을수록 '조성을 바꾸면 다른 자리'
  비율 1.11배
  뒤섞기 검정 p = 0.0075  (2000회)   ✅ 조성이 자리를 정한다

[만들어진 자리 후보 — 조성별 합의 자리를 겹침 0.5 이상이면 같은 것으로 묶음]
  조성 7가지 → 서로 구별되는 자리 후보 **1개**

  후보   조성수    잔기          진짜 자리 덮음      예측 중 진짜   조성
  --------------------------------------------------------------------------
  1    7      56             0.88         0.41   seed0,seed1,seed2,seed3,seed4,seed5,seedfull ★

  → 후보 1개 중 진짜 자리를 절반 이상 덮는 것 **1개** (후보 1)
     ※ 후보를 여러 개 만들어 놓고 고르는 것이 목적이므로, '하나라도 맞으면' 성공이다.

→ results/ms_site_repro_9zdu_HL.csv
→ results/sites_9zdu_HL.json  (후보 1개 · 잔기 목록 포함 · 원래 MSA가 속한 후보 1개)

완료 30 · 실패 0 (총 30종)
→ results/sites_<타깃>.json 30개, results/ms_site_repro_<타깃>.csv 30개 갱신됨
