모델=protenix · 타깃 30종 · 폴더=/mnt/data/admuser/msadepth/compreps/seedrep_cand/protenix

============================================================================================
  8k3k_D (d57)   조성 6개 · 조성당 반복 [4] · 원래MSA 20회 · 시드군=조성 전체 평균
============================================================================================
    실행수 |        조성군         |     시드군(조성고정)      |       원래MSA군      
        |      자리       정답도달 |      자리       정답도달 |      자리       정답도달
      1 |    1.00       0.00 |    1.00       0.00 |    1.00       0.00
      2 |    1.21       0.00 |    1.08       0.00 |    1.00       0.00
      3 |    1.16       0.00 |    1.12       0.00 |    1.00       0.00
      4 |    1.05       0.00 |    1.18       0.00 |    1.00       0.00

  n=4 에서 조성군 − 시드군:  자리 -0.12 · 정답도달 +0.00
============================================================================================
  8k46_I (d23)   조성 6개 · 조성당 반복 [4] · 원래MSA 20회 · 시드군=조성 전체 평균
============================================================================================
    실행수 |        조성군         |     시드군(조성고정)      |       원래MSA군      
        |      자리       정답도달 |      자리       정답도달 |      자리       정답도달
      1 |    1.00       0.12 |    1.00       0.12 |    1.00       0.00
      2 |    1.39       0.22 |    1.30       0.21 |    1.00       0.00
      3 |    1.62       0.37 |    1.46       0.26 |    1.00       0.00
      4 |    1.80       0.44 |    1.64       0.31 |    1.00       0.00

  n=4 에서 조성군 − 시드군:  자리 +0.16 · 정답도달 +0.13
  ! 8k5g_HL: 깊이 폴더가 2개 ['d58', 'd90'] — --depth-dir 필요
============================================================================================
  8k5h_HL (d15)   조성 6개 · 조성당 반복 [4] · 원래MSA 8회 · 시드군=조성 전체 평균
============================================================================================
    실행수 |        조성군         |     시드군(조성고정)      |       원래MSA군      
        |      자리       정답도달 |      자리       정답도달 |      자리       정답도달
      1 |    1.00       0.96 |    1.00       0.96 |    1.00       1.00
      2 |    1.51       1.00 |    1.27       1.00 |    1.38       1.00
      3 |    1.78       1.00 |    1.32       1.00 |    1.45       1.00
      4 |    1.97       1.00 |    1.34       1.00 |    1.31       1.00

  n=4 에서 조성군 − 시드군:  자리 +0.62 · 정답도달 +0.00
============================================================================================
  8kep_HL (d37)   조성 6개 · 조성당 반복 [4] · 원래MSA 8회 · 시드군=조성 전체 평균
============================================================================================
    실행수 |        조성군         |     시드군(조성고정)      |       원래MSA군      
        |      자리       정답도달 |      자리       정답도달 |      자리       정답도달
      1 |    1.00       1.00 |    1.00       1.00 |    1.00       1.00
      2 |    1.25       1.00 |    1.00       1.00 |    1.00       1.00
      3 |    1.29       1.00 |    1.00       1.00 |    1.00       1.00
      4 |    1.24       1.00 |    1.00       1.00 |    1.00       1.00

  n=4 에서 조성군 − 시드군:  자리 +0.24 · 정답도달 +0.00
  ! 8q7s_C: 깊이 폴더가 2개 ['d35', 'd86'] — --depth-dir 필요
============================================================================================
  8q7s_H (d55)   조성 6개 · 조성당 반복 [4] · 원래MSA 8회 · 시드군=조성 전체 평균
============================================================================================
    실행수 |        조성군         |     시드군(조성고정)      |       원래MSA군      
        |      자리       정답도달 |      자리       정답도달 |      자리       정답도달
      1 |    1.00       1.00 |    1.00       1.00 |    1.00       1.00
      2 |    1.00       1.00 |    1.00       1.00 |    1.00       1.00
      3 |    1.00       1.00 |    1.00       1.00 |    1.00       1.00
      4 |    1.00       1.00 |    1.00       1.00 |    1.00       1.00

  n=4 에서 조성군 − 시드군:  자리 +0.00 · 정답도달 +0.00
============================================================================================
  8q7s_O (d35)   조성 6개 · 조성당 반복 [4] · 원래MSA 8회 · 시드군=조성 전체 평균
============================================================================================
    실행수 |        조성군         |     시드군(조성고정)      |       원래MSA군      
        |      자리       정답도달 |      자리       정답도달 |      자리       정답도달
      1 |    1.00       0.91 |    1.00       0.91 |    1.00       1.00
      2 |    1.27       1.00 |    1.23       0.96 |    1.00       1.00
      3 |    1.40       1.00 |    1.40       1.00 |    1.00       1.00
      4 |    1.56       1.00 |    1.50       1.00 |    1.00       1.00

  n=4 에서 조성군 − 시드군:  자리 +0.06 · 정답도달 +0.00
============================================================================================
  8siq_HL (d670)   조성 6개 · 조성당 반복 [4] · 원래MSA 8회 · 시드군=조성 전체 평균
============================================================================================
    실행수 |        조성군         |     시드군(조성고정)      |       원래MSA군      
        |      자리       정답도달 |      자리       정답도달 |      자리       정답도달
      1 |    1.00       0.59 |    1.00       0.59 |    1.00       0.40
      2 |    2.00       0.87 |    1.92       0.75 |    1.40       0.61
      3 |    2.99       0.95 |    2.75       0.82 |    1.63       0.79
      4 |    3.97       0.98 |    3.48       0.84 |    1.78       0.92

  n=4 에서 조성군 − 시드군:  자리 +0.49 · 정답도달 +0.14
============================================================================================
  8sis_HL (d4169)   조성 6개 · 조성당 반복 [4] · 원래MSA 20회 · 시드군=조성 전체 평균
============================================================================================
    실행수 |        조성군         |     시드군(조성고정)      |       원래MSA군      
        |      자리       정답도달 |      자리       정답도달 |      자리       정답도달
      1 |    1.00       0.78 |    1.00       0.78 |    1.00       0.14
      2 |    1.83       0.95 |    1.60       0.90 |    1.11       0.27
      3 |    2.55       0.99 |    1.90       1.00 |    1.17       0.44
      4 |    3.17       1.00 |    2.00       1.00 |    1.21       0.52

  n=4 에서 조성군 − 시드군:  자리 +1.17 · 정답도달 +0.00
============================================================================================
  8sit_HL (d4035)   조성 6개 · 조성당 반복 [4] · 원래MSA 8회 · 시드군=조성 전체 평균
============================================================================================
    실행수 |        조성군         |     시드군(조성고정)      |       원래MSA군      
        |      자리       정답도달 |      자리       정답도달 |      자리       정답도달
      1 |    1.00       0.14 |    1.00       0.14 |    1.00       0.00
      2 |    1.71       0.21 |    1.48       0.21 |    1.04       0.00
      3 |    2.26       0.31 |    1.79       0.24 |    1.00       0.00
      4 |    2.77       0.46 |    2.17       0.33 |    1.00       0.00

  n=4 에서 조성군 − 시드군:  자리 +0.60 · 정답도달 +0.13
============================================================================================
  8t4a_PR (d1824)   조성 6개 · 조성당 반복 [4] · 원래MSA 8회 · 시드군=조성 전체 평균
============================================================================================
    실행수 |        조성군         |     시드군(조성고정)      |       원래MSA군      
        |      자리       정답도달 |      자리       정답도달 |      자리       정답도달
      1 |    1.00       0.97 |    1.00       0.97 |    1.00       1.00
      2 |    1.81       1.00 |    1.59       1.00 |    1.65       1.00
      3 |    2.45       1.00 |    2.06       1.00 |    2.04       1.00
      4 |    2.98       1.00 |    2.32       1.00 |    2.49       1.00

  n=4 에서 조성군 − 시드군:  자리 +0.66 · 정답도달 +0.00
============================================================================================
  8t4d_OQ (d150)   조성 6개 · 조성당 반복 [4] · 원래MSA 8회 · 시드군=조성 전체 평균
============================================================================================
    실행수 |        조성군         |     시드군(조성고정)      |       원래MSA군      
        |      자리       정답도달 |      자리       정답도달 |      자리       정답도달
      1 |    1.00       0.96 |    1.00       0.96 |    1.00       1.00
      2 |    1.93       1.00 |    1.56       1.00 |    1.32       1.00
      3 |    2.79       1.00 |    1.97       1.00 |    1.42       1.00
      4 |    3.62       1.00 |    2.31       1.00 |    1.51       1.00

  n=4 에서 조성군 − 시드군:  자리 +1.31 · 정답도달 +0.00
============================================================================================
  8tp5_HL (d307)   조성 6개 · 조성당 반복 [4] · 원래MSA 20회 · 시드군=조성 전체 평균
============================================================================================
    실행수 |        조성군         |     시드군(조성고정)      |       원래MSA군      
        |      자리       정답도달 |      자리       정답도달 |      자리       정답도달
      1 |    1.00       0.25 |    1.00       0.25 |    1.00       0.00
      2 |    1.67       0.45 |    1.53       0.41 |    1.05       0.00
      3 |    2.13       0.60 |    1.80       0.51 |    1.02       0.00
      4 |    2.52       0.74 |    2.02       0.68 |    1.01       0.00

  n=4 에서 조성군 − 시드군:  자리 +0.51 · 정답도달 +0.06
============================================================================================
  8u44_ST (d413)   조성 6개 · 조성당 반복 [4] · 원래MSA 8회 · 시드군=조성 전체 평균
============================================================================================
    실행수 |        조성군         |     시드군(조성고정)      |       원래MSA군      
        |      자리       정답도달 |      자리       정답도달 |      자리       정답도달
      1 |    1.00       0.42 |    1.00       0.42 |    1.00       0.37
      2 |    1.75       0.69 |    1.81       0.71 |    1.46       0.64
      3 |    2.21       0.83 |    2.42       0.85 |    1.76       0.84
      4 |    2.55       0.90 |    2.84       1.00 |    1.81       0.93

  n=4 에서 조성군 − 시드군:  자리 -0.29 · 정답도달 -0.10
============================================================================================
  8ulr_HL (d1746)   조성 8개 · 조성당 반복 [4] · 원래MSA 30회 · 시드군=조성 전체 평균
============================================================================================
    실행수 |        조성군         |     시드군(조성고정)      |       원래MSA군      
        |      자리       정답도달 |      자리       정답도달 |      자리       정답도달
      1 |    1.00       0.84 |    1.00       0.84 |    1.00       1.00
      2 |    1.67       0.98 |    1.26       0.92 |    1.20       1.00
      3 |    2.14       1.00 |    1.30       0.97 |    1.29       1.00
      4 |    2.39       1.00 |    1.38       1.00 |    1.22       1.00

  n=4 에서 조성군 − 시드군:  자리 +1.02 · 정답도달 +0.00
============================================================================================
  8ume_HL (d653)   조성 6개 · 조성당 반복 [4] · 원래MSA 8회 · 시드군=조성 전체 평균
============================================================================================
    실행수 |        조성군         |     시드군(조성고정)      |       원래MSA군      
        |      자리       정답도달 |      자리       정답도달 |      자리       정답도달
      1 |    1.00       0.19 |    1.00       0.19 |    1.00       0.14
      2 |    1.88       0.39 |    1.72       0.40 |    1.96       0.23
      3 |    2.62       0.49 |    2.34       0.52 |    2.88       0.37
      4 |    3.33       0.65 |    2.85       0.67 |    3.79       0.47

  n=4 에서 조성군 − 시드군:  자리 +0.48 · 정답도달 -0.03
============================================================================================
  8xsi_HL (d8894)   조성 6개 · 조성당 반복 [4] · 원래MSA 8회 · 시드군=조성 전체 평균
============================================================================================
    실행수 |        조성군         |     시드군(조성고정)      |       원래MSA군      
        |      자리       정답도달 |      자리       정답도달 |      자리       정답도달
      1 |    1.00       0.00 |    1.00       0.00 |    1.00       0.00
      2 |    1.60       0.00 |    1.31       0.00 |    1.00       0.00
      3 |    1.91       0.00 |    1.47       0.00 |    1.00       0.00
      4 |    2.08       0.00 |    1.50       0.00 |    1.00       0.00

  n=4 에서 조성군 − 시드군:  자리 +0.58 · 정답도달 +0.00
  ! 9azr_HL: 깊이 폴더가 2개 ['d552', 'd83'] — --depth-dir 필요
============================================================================================
  9azt_HL (d4)   조성 6개 · 조성당 반복 [4] · 원래MSA 8회 · 시드군=조성 전체 평균
============================================================================================
    실행수 |        조성군         |     시드군(조성고정)      |       원래MSA군      
        |      자리       정답도달 |      자리       정답도달 |      자리       정답도달
      1 |    1.00       0.24 |    1.00       0.24 |    1.00       0.00
      2 |    2.00       0.47 |    1.87       0.45 |    1.17       0.00
      3 |    3.00       0.59 |    2.65       0.60 |    1.11       0.00
      4 |    4.00       0.73 |    3.34       0.68 |    1.04       0.00

  n=4 에서 조성군 − 시드군:  자리 +0.66 · 정답도달 +0.05
============================================================================================
  9azv_HL (d293)   조성 6개 · 조성당 반복 [4] · 원래MSA 8회 · 시드군=조성 전체 평균
============================================================================================
    실행수 |        조성군         |     시드군(조성고정)      |       원래MSA군      
        |      자리       정답도달 |      자리       정답도달 |      자리       정답도달
      1 |    1.00       0.07 |    1.00       0.07 |    1.00       0.78
      2 |    1.86       0.16 |    1.81       0.13 |    1.87       0.94
      3 |    2.56       0.27 |    2.42       0.14 |    2.63       1.00
      4 |    3.15       0.33 |    3.01       0.16 |    3.25       1.00

  n=4 에서 조성군 − 시드군:  자리 +0.14 · 정답도달 +0.17
============================================================================================
  9b7g_QP (d625)   조성 6개 · 조성당 반복 [4] · 원래MSA 8회 · 시드군=조성 전체 평균
============================================================================================
    실행수 |        조성군         |     시드군(조성고정)      |       원래MSA군      
        |      자리       정답도달 |      자리       정답도달 |      자리       정답도달
      1 |    1.00       1.00 |    1.00       1.00 |    1.00       1.00
      2 |    1.10       1.00 |    1.07       1.00 |    1.00       1.00
      3 |    1.15       1.00 |    1.11       1.00 |    1.00       1.00
      4 |    1.18       1.00 |    1.17       1.00 |    1.00       1.00

  n=4 에서 조성군 − 시드군:  자리 +0.01 · 정답도달 +0.00
============================================================================================
  9bdg_FI (d173)   조성 6개 · 조성당 반복 [4] · 원래MSA 8회 · 시드군=조성 전체 평균
============================================================================================
    실행수 |        조성군         |     시드군(조성고정)      |       원래MSA군      
        |      자리       정답도달 |      자리       정답도달 |      자리       정답도달
      1 |    1.00       0.15 |    1.00       0.15 |    1.00       0.37
      2 |    1.61       0.34 |    1.46       0.25 |    1.37       0.61
      3 |    2.02       0.44 |    1.73       0.28 |    1.53       0.81
      4 |    2.33       0.62 |    1.83       0.33 |    1.58       0.93

  n=4 에서 조성군 − 시드군:  자리 +0.51 · 정답도달 +0.29
============================================================================================
  9kkj_HL (d2220)   조성 6개 · 조성당 반복 [4] · 원래MSA 8회 · 시드군=조성 전체 평균
============================================================================================
    실행수 |        조성군         |     시드군(조성고정)      |       원래MSA군      
        |      자리       정답도달 |      자리       정답도달 |      자리       정답도달
      1 |    1.00       0.51 |    1.00       0.51 |    1.00       0.85
      2 |    1.29       0.78 |    1.21       0.71 |    1.17       1.00
      3 |    1.34       0.90 |    1.21       0.81 |    1.19       1.00
      4 |    1.41       0.97 |    1.17       0.83 |    1.15       1.00

  n=4 에서 조성군 − 시드군:  자리 +0.24 · 정답도달 +0.14
============================================================================================
  9ml9_HL (d8769)   조성 6개 · 조성당 반복 [4] · 원래MSA 8회 · 시드군=조성 전체 평균
============================================================================================
    실행수 |        조성군         |     시드군(조성고정)      |       원래MSA군      
        |      자리       정답도달 |      자리       정답도달 |      자리       정답도달
      1 |    1.00       0.38 |    1.00       0.38 |    1.00       0.25
      2 |    1.60       0.64 |    1.36       0.55 |    1.13       0.47
      3 |    1.91       0.79 |    1.45       0.65 |    1.08       0.67
      4 |    2.11       0.91 |    1.49       0.67 |    1.05       0.81

  n=4 에서 조성군 − 시드군:  자리 +0.62 · 정답도달 +0.24
============================================================================================
  9mqr_DE (d3538)   조성 6개 · 조성당 반복 [4] · 원래MSA 8회 · 시드군=조성 전체 평균
============================================================================================
    실행수 |        조성군         |     시드군(조성고정)      |       원래MSA군      
        |      자리       정답도달 |      자리       정답도달 |      자리       정답도달
      1 |    1.00       0.00 |    1.00       0.00 |    1.00       0.00
      2 |    1.40       0.00 |    1.15       0.00 |    1.49       0.00
      3 |    1.55       0.00 |    1.31       0.00 |    1.67       0.00
      4 |    1.61       0.00 |    1.51       0.00 |    1.76       0.00

  n=4 에서 조성군 − 시드군:  자리 +0.10 · 정답도달 +0.00
============================================================================================
  9w43_AB (d51)   조성 6개 · 조성당 반복 [4] · 원래MSA 8회 · 시드군=조성 전체 평균
============================================================================================
    실행수 |        조성군         |     시드군(조성고정)      |       원래MSA군      
        |      자리       정답도달 |      자리       정답도달 |      자리       정답도달
      1 |    1.00       0.00 |    1.00       0.00 |    1.00       0.00
      2 |    1.46       0.00 |    1.23       0.00 |    1.00       0.00
      3 |    1.69       0.00 |    1.32       0.00 |    1.00       0.00
      4 |    1.81       0.00 |    1.34       0.00 |    1.00       0.00

  n=4 에서 조성군 − 시드군:  자리 +0.46 · 정답도달 +0.00
============================================================================================
  9y0a_AB (d289)   조성 6개 · 조성당 반복 [4] · 원래MSA 8회 · 시드군=조성 전체 평균
============================================================================================
    실행수 |        조성군         |     시드군(조성고정)      |       원래MSA군      
        |      자리       정답도달 |      자리       정답도달 |      자리       정답도달
      1 |    1.00       0.00 |    1.00       0.00 |    1.00       0.00
      2 |    1.57       0.00 |    1.35       0.00 |    1.34       0.00
      3 |    1.92       0.00 |    1.57       0.00 |    1.47       0.00
      4 |    1.98       0.00 |    1.69       0.00 |    1.56       0.00

  n=4 에서 조성군 − 시드군:  자리 +0.29 · 정답도달 +0.00
============================================================================================
  9yc6_HL (d611)   조성 6개 · 조성당 반복 [4] · 원래MSA 8회 · 시드군=조성 전체 평균
============================================================================================
    실행수 |        조성군         |     시드군(조성고정)      |       원래MSA군      
        |      자리       정답도달 |      자리       정답도달 |      자리       정답도달
      1 |    1.00       0.81 |    1.00       0.81 |    1.00       1.00
      2 |    1.80       0.99 |    1.82       0.95 |    1.02       1.00
      3 |    2.33       1.00 |    2.50       1.00 |    1.00       1.00
      4 |    2.74       1.00 |    3.01       1.00 |    1.00       1.00

  n=4 에서 조성군 − 시드군:  자리 -0.28 · 정답도달 +0.00
============================================================================================
  9zdu_HL (d11017)   조성 6개 · 조성당 반복 [4] · 원래MSA 8회 · 시드군=조성 전체 평균
============================================================================================
    실행수 |        조성군         |     시드군(조성고정)      |       원래MSA군      
        |      자리       정답도달 |      자리       정답도달 |      자리       정답도달
      1 |    1.00       0.78 |    1.00       0.78 |    1.00       1.00
      2 |    1.41       0.97 |    1.04       0.82 |    1.29       1.00
      3 |    1.54       1.00 |    1.05       0.82 |    1.41       1.00
      4 |    1.61       1.00 |    1.00       0.83 |    1.51       1.00

  n=4 에서 조성군 − 시드군:  자리 +0.61 · 정답도달 +0.17

==============================================================================
  타깃별 요약 — 같은 실행 수에서 조성군이 시드군보다 얼마나 나은가
==============================================================================
  타깃             실행수     자리 차이       정답도달 차이
  8t4d_OQ          4     +1.31         +0.00
  8sis_HL          4     +1.17         +0.00
  8ulr_HL          4     +1.02         +0.00
  8t4a_PR          4     +0.66         +0.00
  9azt_HL          4     +0.66         +0.05
  8k5h_HL          4     +0.62         +0.00
  9ml9_HL          4     +0.62         +0.24
  9zdu_HL          4     +0.61         +0.17
  8sit_HL          4     +0.60         +0.13
  8xsi_HL          4     +0.58         +0.00
  8tp5_HL          4     +0.51         +0.06
  9bdg_FI          4     +0.51         +0.29
  8siq_HL          4     +0.49         +0.14
  8ume_HL          4     +0.48         -0.03
  9w43_AB          4     +0.46         +0.00
  9y0a_AB          4     +0.29         +0.00
  9kkj_HL          4     +0.24         +0.14
  8kep_HL          4     +0.24         +0.00
  8k46_I           4     +0.16         +0.13
  9azv_HL          4     +0.14         +0.17
  9mqr_DE          4     +0.10         +0.00
  8q7s_O           4     +0.06         +0.00
  9b7g_QP          4     +0.01         +0.00
  8q7s_H           4     +0.00         +0.00
  8k3k_D           4     -0.12         +0.00
  9yc6_HL          4     -0.28         +0.00
  8u44_ST          4     -0.29         -0.10

  조성군이 자리를 더 많이 찾은 타깃 23/27종 · 자리 차이 중앙값 +0.48
  정답 도달이 더 높은 타깃 10/27종 · 중앙값 +0.00

  ※ 반복이 4회뿐이면 n=4 까지만 볼 수 있다. 더 늘리려면 GPU 로 실행을 추가해야 한다
→ results/seed_vs_comp.csv  (27종)
