모델=protenix · 타깃 30종 · 대조군 폴더=/mnt/data/admuser/msadepth/compreps/seedrep_cand/protenix

====================================================================================
  8k3k_D (d57)   실행 20개 · 자세 중앙값 5개 · 정답 도달 실행 0/20
====================================================================================
    실행수    자리수     정답도달률   자리 수
      1   1.00      0.00   ██████████████████████████████████
      2   1.00      0.00   ██████████████████████████████████
      3   1.00      0.00   ██████████████████████████████████
      4   1.00      0.00   ██████████████████████████████████
      5   1.00      0.00   ██████████████████████████████████
      6   1.00      0.00   ██████████████████████████████████
      7   1.00      0.00   ██████████████████████████████████
      8   1.00      0.00   ██████████████████████████████████
      9   1.00      0.00   ██████████████████████████████████
     10   1.00      0.00   ██████████████████████████████████
     11   1.00      0.00   ██████████████████████████████████
     12   1.00      0.00   ██████████████████████████████████  ← 경험칙
     13   1.00      0.00   ██████████████████████████████████
     14   1.00      0.00   ██████████████████████████████████
     15   1.00      0.00   ██████████████████████████████████
     16   1.00      0.00   ██████████████████████████████████
     17   1.00      0.00   ██████████████████████████████████
     18   1.00      0.00   ██████████████████████████████████
     19   1.00      0.00   ██████████████████████████████████
     20   1.00      0.00   ██████████████████████████████████

  자리 수가 천장의 95% 에 닿는 실행 수 = 1   ·   정답 도달률은 None
  → 12회면 새 자리가 거의 안 나온다. 경험칙과 맞는다
====================================================================================
  8k46_I (d23)   실행 20개 · 자세 중앙값 5개 · 정답 도달 실행 0/20
====================================================================================
    실행수    자리수     정답도달률   자리 수
      1   1.00      0.00   ██████████████████████████████████
      2   1.00      0.00   ██████████████████████████████████
      3   1.00      0.00   ██████████████████████████████████
      4   1.00      0.00   ██████████████████████████████████
      5   1.00      0.00   ██████████████████████████████████
      6   1.00      0.00   ██████████████████████████████████
      7   1.00      0.00   ██████████████████████████████████
      8   1.00      0.00   ██████████████████████████████████
      9   1.00      0.00   ██████████████████████████████████
     10   1.00      0.00   ██████████████████████████████████
     11   1.00      0.00   ██████████████████████████████████
     12   1.00      0.00   ██████████████████████████████████  ← 경험칙
     13   1.00      0.00   ██████████████████████████████████
     14   1.00      0.00   ██████████████████████████████████
     15   1.00      0.00   ██████████████████████████████████
     16   1.00      0.00   ██████████████████████████████████
     17   1.00      0.00   ██████████████████████████████████
     18   1.00      0.00   ██████████████████████████████████
     19   1.00      0.00   ██████████████████████████████████
     20   1.00      0.00   ██████████████████████████████████

  자리 수가 천장의 95% 에 닿는 실행 수 = 1   ·   정답 도달률은 None
  → 12회면 새 자리가 거의 안 나온다. 경험칙과 맞는다
  ! 8k5g_HL: 깊이 폴더가 2개다 ['d58', 'd90'] — --depth-dir 로 지정할 것
====================================================================================
  8k5h_HL (d15)   실행 8개 · 자세 중앙값 5개 · 정답 도달 실행 8/8
====================================================================================
    실행수    자리수     정답도달률   자리 수
      1   1.00      1.00   ███████████████████████
      2   1.38      1.00   ████████████████████████████████
      3   1.46      1.00   ██████████████████████████████████
      4   1.31      1.00   ███████████████████████████████
      5   1.12      1.00   ██████████████████████████
      6   1.04      1.00   ████████████████████████
      7   1.00      1.00   ███████████████████████
      8   1.00      1.00   ███████████████████████

  자리 수가 천장의 95% 에 닿는 실행 수 = 1   ·   정답 도달률은 1
  → 12회면 새 자리가 거의 안 나온다. 경험칙과 맞는다
====================================================================================
  8kep_HL (d37)   실행 8개 · 자세 중앙값 5개 · 정답 도달 실행 8/8
====================================================================================
    실행수    자리수     정답도달률   자리 수
      1   1.00      1.00   ██████████████████████████████████
      2   1.00      1.00   ██████████████████████████████████
      3   1.00      1.00   ██████████████████████████████████
      4   1.00      1.00   ██████████████████████████████████
      5   1.00      1.00   ██████████████████████████████████
      6   1.00      1.00   ██████████████████████████████████
      7   1.00      1.00   ██████████████████████████████████
      8   1.00      1.00   ██████████████████████████████████

  자리 수가 천장의 95% 에 닿는 실행 수 = 1   ·   정답 도달률은 1
  → 12회면 새 자리가 거의 안 나온다. 경험칙과 맞는다
  ! 8q7s_C: 깊이 폴더가 2개다 ['d35', 'd86'] — --depth-dir 로 지정할 것
====================================================================================
  8q7s_H (d55)   실행 8개 · 자세 중앙값 5개 · 정답 도달 실행 8/8
====================================================================================
    실행수    자리수     정답도달률   자리 수
      1   1.00      1.00   ██████████████████████████████████
      2   1.00      1.00   ██████████████████████████████████
      3   1.00      1.00   ██████████████████████████████████
      4   1.00      1.00   ██████████████████████████████████
      5   1.00      1.00   ██████████████████████████████████
      6   1.00      1.00   ██████████████████████████████████
      7   1.00      1.00   ██████████████████████████████████
      8   1.00      1.00   ██████████████████████████████████

  자리 수가 천장의 95% 에 닿는 실행 수 = 1   ·   정답 도달률은 1
  → 12회면 새 자리가 거의 안 나온다. 경험칙과 맞는다
====================================================================================
  8q7s_O (d35)   실행 8개 · 자세 중앙값 5개 · 정답 도달 실행 8/8
====================================================================================
    실행수    자리수     정답도달률   자리 수
      1   1.00      1.00   ██████████████████████████████████
      2   1.00      1.00   ██████████████████████████████████
      3   1.00      1.00   ██████████████████████████████████
      4   1.00      1.00   ██████████████████████████████████
      5   1.00      1.00   ██████████████████████████████████
      6   1.00      1.00   ██████████████████████████████████
      7   1.00      1.00   ██████████████████████████████████
      8   1.00      1.00   ██████████████████████████████████

  자리 수가 천장의 95% 에 닿는 실행 수 = 1   ·   정답 도달률은 1
  → 12회면 새 자리가 거의 안 나온다. 경험칙과 맞는다
====================================================================================
  8siq_HL (d670)   실행 8개 · 자세 중앙값 5개 · 정답 도달 실행 3/8
====================================================================================
    실행수    자리수     정답도달률   자리 수
      1   1.00      0.41   █████████████████
      2   1.45      0.65   █████████████████████████
      3   1.66      0.85   ████████████████████████████
      4   1.78      0.94   ██████████████████████████████
      5   1.88      0.98   ████████████████████████████████
      6   1.97      1.00   ██████████████████████████████████
      7   2.00      1.00   ██████████████████████████████████
      8   2.00      1.00   ██████████████████████████████████

  자리 수가 천장의 95% 에 닿는 실행 수 = 6   ·   정답 도달률은 5
  → 12회면 새 자리가 거의 안 나온다. 경험칙과 맞는다
====================================================================================
  8sis_HL (d4169)   실행 20개 · 자세 중앙값 5개 · 정답 도달 실행 3/20
====================================================================================
    실행수    자리수     정답도달률   자리 수
      1   1.00      0.14   █████████████████
      2   1.15      0.31   ████████████████████
      3   1.14      0.41   ███████████████████
      4   1.20      0.51   ████████████████████
      5   1.26      0.61   ██████████████████████
      6   1.31      0.66   ██████████████████████
      7   1.34      0.78   ███████████████████████
      8   1.41      0.82   ████████████████████████
      9   1.45      0.86   █████████████████████████
     10   1.54      0.91   ██████████████████████████
     11   1.55      0.92   ██████████████████████████
     12   1.58      0.95   ███████████████████████████  ← 경험칙
     13   1.64      0.96   ████████████████████████████
     14   1.73      0.98   █████████████████████████████
     15   1.72      1.00   █████████████████████████████
     16   1.81      1.00   ███████████████████████████████
     17   1.89      1.00   ████████████████████████████████
     18   1.87      1.00   ████████████████████████████████
     19   1.97      1.00   ██████████████████████████████████
     20   2.00      1.00   ██████████████████████████████████

  자리 수가 천장의 95% 에 닿는 실행 수 = 19   ·   정답 도달률은 12
  → 12회로는 아직 새 자리가 나온다. 설계를 다시 볼 것
====================================================================================
  8sit_HL (d4035)   실행 8개 · 자세 중앙값 5개 · 정답 도달 실행 0/8
====================================================================================
    실행수    자리수     정답도달률   자리 수
      1   1.00      0.00   █████████████████████████████████
      2   1.03      0.00   ██████████████████████████████████
      3   1.00      0.00   █████████████████████████████████
      4   1.00      0.00   █████████████████████████████████
      5   1.00      0.00   █████████████████████████████████
      6   1.00      0.00   █████████████████████████████████
      7   1.00      0.00   █████████████████████████████████
      8   1.00      0.00   █████████████████████████████████

  자리 수가 천장의 95% 에 닿는 실행 수 = 1   ·   정답 도달률은 None
  → 12회면 새 자리가 거의 안 나온다. 경험칙과 맞는다
====================================================================================
  8t4a_PR (d1824)   실행 8개 · 자세 중앙값 5개 · 정답 도달 실행 8/8
====================================================================================
    실행수    자리수     정답도달률   자리 수
      1   1.00      1.00   ████████
      2   1.64      1.00   ██████████████
      3   2.10      1.00   ██████████████████
      4   2.50      1.00   █████████████████████
      5   2.85      1.00   ████████████████████████
      6   3.29      1.00   ████████████████████████████
      7   3.60      1.00   ███████████████████████████████
      8   4.00      1.00   ██████████████████████████████████

  자리 수가 천장의 95% 에 닿는 실행 수 = 8   ·   정답 도달률은 1
  → 12회면 새 자리가 거의 안 나온다. 경험칙과 맞는다
====================================================================================
  8t4d_OQ (d150)   실행 8개 · 자세 중앙값 5개 · 정답 도달 실행 8/8
====================================================================================
    실행수    자리수     정답도달률   자리 수
      1   1.00      1.00   █████████████████
      2   1.29      1.00   ██████████████████████
      3   1.41      1.00   ████████████████████████
      4   1.49      1.00   █████████████████████████
      5   1.64      1.00   ████████████████████████████
      6   1.75      1.00   ██████████████████████████████
      7   1.91      1.00   ████████████████████████████████
      8   2.00      1.00   ██████████████████████████████████

  자리 수가 천장의 95% 에 닿는 실행 수 = 7   ·   정답 도달률은 1
  → 12회면 새 자리가 거의 안 나온다. 경험칙과 맞는다
====================================================================================
  8tp5_HL (d307)   실행 20개 · 자세 중앙값 5개 · 정답 도달 실행 0/20
====================================================================================
    실행수    자리수     정답도달률   자리 수
      1   1.00      0.00   █████████████████████████████████
      2   1.04      0.00   ██████████████████████████████████
      3   1.02      0.00   ██████████████████████████████████
      4   1.01      0.00   █████████████████████████████████
      5   1.00      0.00   █████████████████████████████████
      6   1.00      0.00   █████████████████████████████████
      7   1.00      0.00   █████████████████████████████████
      8   1.00      0.00   █████████████████████████████████
      9   1.00      0.00   █████████████████████████████████
     10   1.00      0.00   █████████████████████████████████
     11   1.00      0.00   █████████████████████████████████
     12   1.00      0.00   █████████████████████████████████  ← 경험칙
     13   1.00      0.00   █████████████████████████████████
     14   1.00      0.00   █████████████████████████████████
     15   1.00      0.00   █████████████████████████████████
     16   1.00      0.00   █████████████████████████████████
     17   1.00      0.00   █████████████████████████████████
     18   1.00      0.00   █████████████████████████████████
     19   1.00      0.00   █████████████████████████████████
     20   1.00      0.00   █████████████████████████████████

  자리 수가 천장의 95% 에 닿는 실행 수 = 1   ·   정답 도달률은 None
  → 12회면 새 자리가 거의 안 나온다. 경험칙과 맞는다
====================================================================================
  8u44_ST (d413)   실행 8개 · 자세 중앙값 5개 · 정답 도달 실행 3/8
====================================================================================
    실행수    자리수     정답도달률   자리 수
      1   1.00      0.36   █████████████████
      2   1.45      0.64   █████████████████████████
      3   1.69      0.83   █████████████████████████████
      4   1.81      0.93   ███████████████████████████████
      5   1.92      0.98   █████████████████████████████████
      6   1.96      1.00   █████████████████████████████████
      7   1.97      1.00   █████████████████████████████████
      8   2.00      1.00   ██████████████████████████████████

  자리 수가 천장의 95% 에 닿는 실행 수 = 5   ·   정답 도달률은 5
  → 12회면 새 자리가 거의 안 나온다. 경험칙과 맞는다
====================================================================================
  8ulr_HL (d1746)   실행 30개 · 자세 중앙값 5개 · 정답 도달 실행 30/30
====================================================================================
    실행수    자리수     정답도달률   자리 수
      1   1.00      1.00   █████████████████
      2   1.24      1.00   █████████████████████
      3   1.25      1.00   █████████████████████
      4   1.24      1.00   █████████████████████
      5   1.27      1.00   ██████████████████████
      6   1.26      1.00   █████████████████████
      7   1.22      1.00   █████████████████████
      8   1.28      1.00   ██████████████████████
      9   1.31      1.00   ██████████████████████
     10   1.33      1.00   ███████████████████████
     11   1.40      1.00   ████████████████████████
     12   1.37      1.00   ███████████████████████  ← 경험칙
     13   1.37      1.00   ███████████████████████
     14   1.49      1.00   █████████████████████████
     15   1.50      1.00   ██████████████████████████
     16   1.53      1.00   ██████████████████████████
     17   1.59      1.00   ███████████████████████████
     18   1.55      1.00   ██████████████████████████
     19   1.62      1.00   ████████████████████████████
     20   1.65      1.00   ████████████████████████████
     21   1.69      1.00   █████████████████████████████
     22   1.76      1.00   ██████████████████████████████
     23   1.76      1.00   ██████████████████████████████
     24   1.80      1.00   ███████████████████████████████
     25   1.85      1.00   ███████████████████████████████
     26   1.86      1.00   ████████████████████████████████
     27   1.90      1.00   ████████████████████████████████
     28   1.93      1.00   █████████████████████████████████
     29   1.97      1.00   █████████████████████████████████
     30   2.00      1.00   ██████████████████████████████████

  자리 수가 천장의 95% 에 닿는 실행 수 = 28   ·   정답 도달률은 1
  → 12회로는 아직 새 자리가 나온다. 설계를 다시 볼 것
====================================================================================
  8ume_HL (d653)   실행 8개 · 자세 중앙값 5개 · 정답 도달 실행 1/8
====================================================================================
    실행수    자리수     정답도달률   자리 수
      1   1.00      0.12   █████
      2   1.98      0.24   ██████████
      3   2.90      0.37   ██████████████
      4   3.81      0.51   ██████████████████
      5   4.64      0.59   ███████████████████████
      6   5.45      0.72   ██████████████████████████
      7   6.23      0.87   ██████████████████████████████
      8   7.00      1.00   ██████████████████████████████████

  자리 수가 천장의 95% 에 닿는 실행 수 = 8   ·   정답 도달률은 8
  → 12회면 새 자리가 거의 안 나온다. 경험칙과 맞는다
====================================================================================
  8xsi_HL (d8894)   실행 8개 · 자세 중앙값 5개 · 정답 도달 실행 0/8
====================================================================================
    실행수    자리수     정답도달률   자리 수
      1   1.00      0.00   ██████████████████████████████████
      2   1.00      0.00   ██████████████████████████████████
      3   1.00      0.00   ██████████████████████████████████
      4   1.00      0.00   ██████████████████████████████████
      5   1.00      0.00   ██████████████████████████████████
      6   1.00      0.00   ██████████████████████████████████
      7   1.00      0.00   ██████████████████████████████████
      8   1.00      0.00   ██████████████████████████████████

  자리 수가 천장의 95% 에 닿는 실행 수 = 1   ·   정답 도달률은 None
  → 12회면 새 자리가 거의 안 나온다. 경험칙과 맞는다
  ! 9azr_HL: 깊이 폴더가 2개다 ['d552', 'd83'] — --depth-dir 로 지정할 것
====================================================================================
  9azt_HL (d4)   실행 8개 · 자세 중앙값 5개 · 정답 도달 실행 0/8
====================================================================================
    실행수    자리수     정답도달률   자리 수
      1   1.00      0.00   █████████████████████████████
      2   1.17      0.00   ██████████████████████████████████
      3   1.15      0.00   █████████████████████████████████
      4   1.04      0.00   ██████████████████████████████
      5   1.02      0.00   ██████████████████████████████
      6   1.00      0.00   █████████████████████████████
      7   1.00      0.00   █████████████████████████████
      8   1.00      0.00   █████████████████████████████

  자리 수가 천장의 95% 에 닿는 실행 수 = 1   ·   정답 도달률은 None
  → 12회면 새 자리가 거의 안 나온다. 경험칙과 맞는다
====================================================================================
  9azv_HL (d293)   실행 8개 · 자세 중앙값 5개 · 정답 도달 실행 6/8
====================================================================================
    실행수    자리수     정답도달률   자리 수
      1   1.00      0.77   ███████
      2   1.84      0.96   █████████████
      3   2.58      1.00   ██████████████████
      4   3.23      1.00   ██████████████████████
      5   3.75      1.00   ██████████████████████████
      6   4.25      1.00   █████████████████████████████
      7   4.62      1.00   ███████████████████████████████
      8   5.00      1.00   ██████████████████████████████████

  자리 수가 천장의 95% 에 닿는 실행 수 = 8   ·   정답 도달률은 2
  → 12회면 새 자리가 거의 안 나온다. 경험칙과 맞는다
====================================================================================
  9b7g_QP (d625)   실행 8개 · 자세 중앙값 5개 · 정답 도달 실행 8/8
====================================================================================
    실행수    자리수     정답도달률   자리 수
      1   1.00      1.00   ██████████████████████████████████
      2   1.00      1.00   ██████████████████████████████████
      3   1.00      1.00   ██████████████████████████████████
      4   1.00      1.00   ██████████████████████████████████
      5   1.00      1.00   ██████████████████████████████████
      6   1.00      1.00   ██████████████████████████████████
      7   1.00      1.00   ██████████████████████████████████
      8   1.00      1.00   ██████████████████████████████████

  자리 수가 천장의 95% 에 닿는 실행 수 = 1   ·   정답 도달률은 1
  → 12회면 새 자리가 거의 안 나온다. 경험칙과 맞는다
====================================================================================
  9bdg_FI (d173)   실행 8개 · 자세 중앙값 5개 · 정답 도달 실행 3/8
====================================================================================
    실행수    자리수     정답도달률   자리 수
      1   1.00      0.40   ██████████████████████
      2   1.39      0.62   ██████████████████████████████
      3   1.54      0.83   █████████████████████████████████
      4   1.57      0.93   ██████████████████████████████████
      5   1.55      0.98   █████████████████████████████████
      6   1.43      1.00   ███████████████████████████████
      7   1.28      1.00   ████████████████████████████
      8   1.00      1.00   ██████████████████████

  자리 수가 천장의 95% 에 닿는 실행 수 = 1   ·   정답 도달률은 5
  → 12회면 새 자리가 거의 안 나온다. 경험칙과 맞는다
====================================================================================
  9kkj_HL (d2220)   실행 8개 · 자세 중앙값 5개 · 정답 도달 실행 7/8
====================================================================================
    실행수    자리수     정답도달률   자리 수
      1   1.00      0.87   ████████████████████████████
      2   1.18      1.00   ██████████████████████████████████
      3   1.20      1.00   ██████████████████████████████████
      4   1.16      1.00   █████████████████████████████████
      5   1.09      1.00   ███████████████████████████████
      6   1.04      1.00   ██████████████████████████████
      7   1.00      1.00   ████████████████████████████
      8   1.00      1.00   ████████████████████████████

  자리 수가 천장의 95% 에 닿는 실행 수 = 1   ·   정답 도달률은 2
  → 12회면 새 자리가 거의 안 나온다. 경험칙과 맞는다
====================================================================================
  9ml9_HL (d8769)   실행 8개 · 자세 중앙값 5개 · 정답 도달 실행 2/8
====================================================================================
    실행수    자리수     정답도달률   자리 수
      1   1.00      0.24   ██████████████████████████████
      2   1.13      0.46   ██████████████████████████████████
      3   1.09      0.63   █████████████████████████████████
      4   1.04      0.81   ███████████████████████████████
      5   1.02      0.91   ███████████████████████████████
      6   1.00      0.98   ██████████████████████████████
      7   1.00      1.00   ██████████████████████████████
      8   1.00      1.00   ██████████████████████████████

  자리 수가 천장의 95% 에 닿는 실행 수 = 1   ·   정답 도달률은 6
  → 12회면 새 자리가 거의 안 나온다. 경험칙과 맞는다
====================================================================================
  9mqr_DE (d3538)   실행 8개 · 자세 중앙값 5개 · 정답 도달 실행 0/8
====================================================================================
    실행수    자리수     정답도달률   자리 수
      1   1.00      0.00   █████████████████
      2   1.50      0.00   ██████████████████████████
      3   1.70      0.00   █████████████████████████████
      4   1.76      0.00   ██████████████████████████████
      5   1.75      0.00   ██████████████████████████████
      6   1.83      0.00   ███████████████████████████████
      7   1.84      0.00   ███████████████████████████████
      8   2.00      0.00   ██████████████████████████████████

  자리 수가 천장의 95% 에 닿는 실행 수 = 8   ·   정답 도달률은 None
  → 12회면 새 자리가 거의 안 나온다. 경험칙과 맞는다
====================================================================================
  9w43_AB (d51)   실행 8개 · 자세 중앙값 5개 · 정답 도달 실행 0/8
====================================================================================
    실행수    자리수     정답도달률   자리 수
      1   1.00      0.00   ██████████████████████████████████
      2   1.00      0.00   ██████████████████████████████████
      3   1.00      0.00   ██████████████████████████████████
      4   1.00      0.00   ██████████████████████████████████
      5   1.00      0.00   ██████████████████████████████████
      6   1.00      0.00   ██████████████████████████████████
      7   1.00      0.00   ██████████████████████████████████
      8   1.00      0.00   ██████████████████████████████████

  자리 수가 천장의 95% 에 닿는 실행 수 = 1   ·   정답 도달률은 None
  → 12회면 새 자리가 거의 안 나온다. 경험칙과 맞는다
====================================================================================
  9y0a_AB (d289)   실행 8개 · 자세 중앙값 5개 · 정답 도달 실행 0/8
====================================================================================
    실행수    자리수     정답도달률   자리 수
      1   1.00      0.00   █████████████████
      2   1.33      0.00   ███████████████████████
      3   1.45      0.00   █████████████████████████
      4   1.56      0.00   ███████████████████████████
      5   1.63      0.00   ████████████████████████████
      6   1.75      0.00   ██████████████████████████████
      7   1.86      0.00   ████████████████████████████████
      8   2.00      0.00   ██████████████████████████████████

  자리 수가 천장의 95% 에 닿는 실행 수 = 8   ·   정답 도달률은 None
  → 12회면 새 자리가 거의 안 나온다. 경험칙과 맞는다
====================================================================================
  9yc6_HL (d611)   실행 8개 · 자세 중앙값 5개 · 정답 도달 실행 8/8
====================================================================================
    실행수    자리수     정답도달률   자리 수
      1   1.00      1.00   █████████████████████████████████
      2   1.02      1.00   ██████████████████████████████████
      3   1.00      1.00   █████████████████████████████████
      4   1.00      1.00   █████████████████████████████████
      5   1.00      1.00   █████████████████████████████████
      6   1.00      1.00   █████████████████████████████████
      7   1.00      1.00   █████████████████████████████████
      8   1.00      1.00   █████████████████████████████████

  자리 수가 천장의 95% 에 닿는 실행 수 = 1   ·   정답 도달률은 1
  → 12회면 새 자리가 거의 안 나온다. 경험칙과 맞는다
====================================================================================
  9zdu_HL (d11017)   실행 8개 · 자세 중앙값 5개 · 정답 도달 실행 8/8
====================================================================================
    실행수    자리수     정답도달률   자리 수
      1   1.00      1.00   █████████████████
      2   1.24      1.00   █████████████████████
      3   1.39      1.00   ████████████████████████
      4   1.49      1.00   █████████████████████████
      5   1.64      1.00   ████████████████████████████
      6   1.75      1.00   ██████████████████████████████
      7   1.91      1.00   ████████████████████████████████
      8   2.00      1.00   ██████████████████████████████████

  자리 수가 천장의 95% 에 닿는 실행 수 = 7   ·   정답 도달률은 1
  → 12회면 새 자리가 거의 안 나온다. 경험칙과 맞는다

------------------------------------------------------------------------
  타깃별 포화 지점 (자리 수가 천장의 95% 에 닿는 실행 수)
------------------------------------------------------------------------
  8k3k_D       자리    1 · 정답도달 None · 총 실행  20   경험칙 안
  8k46_I       자리    1 · 정답도달 None · 총 실행  20   경험칙 안
  8k5h_HL      자리    1 · 정답도달    1 · 총 실행   8   경험칙 안
  8kep_HL      자리    1 · 정답도달    1 · 총 실행   8   경험칙 안
  8q7s_H       자리    1 · 정답도달    1 · 총 실행   8   경험칙 안
  8q7s_O       자리    1 · 정답도달    1 · 총 실행   8   경험칙 안
  8siq_HL      자리    6 · 정답도달    5 · 총 실행   8   경험칙 안
  8sis_HL      자리   19 · 정답도달   12 · 총 실행  20   더 필요
  8sit_HL      자리    1 · 정답도달 None · 총 실행   8   경험칙 안
  8t4a_PR      자리    8 · 정답도달    1 · 총 실행   8   경험칙 안
  8t4d_OQ      자리    7 · 정답도달    1 · 총 실행   8   경험칙 안
  8tp5_HL      자리    1 · 정답도달 None · 총 실행  20   경험칙 안
  8u44_ST      자리    5 · 정답도달    5 · 총 실행   8   경험칙 안
  8ulr_HL      자리   28 · 정답도달    1 · 총 실행  30   더 필요
  8ume_HL      자리    8 · 정답도달    8 · 총 실행   8   경험칙 안
  8xsi_HL      자리    1 · 정답도달 None · 총 실행   8   경험칙 안
  9azt_HL      자리    1 · 정답도달 None · 총 실행   8   경험칙 안
  9azv_HL      자리    8 · 정답도달    2 · 총 실행   8   경험칙 안
  9b7g_QP      자리    1 · 정답도달    1 · 총 실행   8   경험칙 안
  9bdg_FI      자리    1 · 정답도달    5 · 총 실행   8   경험칙 안
  9kkj_HL      자리    1 · 정답도달    2 · 총 실행   8   경험칙 안
  9ml9_HL      자리    1 · 정답도달    6 · 총 실행   8   경험칙 안
  9mqr_DE      자리    8 · 정답도달 None · 총 실행   8   경험칙 안
  9w43_AB      자리    1 · 정답도달 None · 총 실행   8   경험칙 안
  9y0a_AB      자리    8 · 정답도달 None · 총 실행   8   경험칙 안
  9yc6_HL      자리    1 · 정답도달    1 · 총 실행   8   경험칙 안
  9zdu_HL      자리    7 · 정답도달    1 · 총 실행   8   경험칙 안

  중앙값 1회 · 최대 28회   (경험칙 12회)

→ results/seed_saturation.csv  (27종)
